******************************************************************************
             TMS320C2000 Linker PC v18.12.1                    
******************************************************************************
>> Linked Thu May  2 18:26:48 2019

OUTPUT FILE NAME:   <C17_STEP_MOTOR_OLED_KEY_F2833x_CCSV9_0.out>
ENTRY POINT SYMBOL: "_c_int00"  address: 0000e23a


MEMORY CONFIGURATION

         name            origin    length      used     unused   attr    fill
----------------------  --------  ---------  --------  --------  ----  --------
PAGE 0:
  BEGIN                 00000000   00000002  00000002  00000000  RWIX
  RAMM0                 00000050   000003b0  00000000  000003b0  RWIX
  RAML0                 00008000   00001000  00000049  00000fb7  RWIX
  RAML1                 00009000   00001000  00000000  00001000  RWIX
  RAML2                 0000a000   00001000  00000000  00001000  RWIX
  RAML3                 0000b000   00001000  00000000  00001000  RWIX
  ZONE7A                00200000   00100000  00000300  000ffd00  RWIX
  CSM_RSVD              0033ff80   00000076  00000000  00000076  RWIX
  CSM_PWL               0033fff8   00000008  00000000  00000008  RWIX
  ADC_CAL               00380080   00000009  00000007  00000002  RWIX
  IQTABLES              003fe000   00000b50  00000000  00000b50  RWIX
  IQTABLES2             003feb50   0000008c  00000000  0000008c  RWIX
  FPUTABLES             003febdc   000006a0  00000000  000006a0  RWIX
  BOOTROM               003ff27c   00000d44  00000000  00000d44  RWIX
  RESET                 003fffc0   00000002  00000000  00000002  RWIX

PAGE 1:
  BOOT_RSVD             00000002   0000004e  00000000  0000004e  RWIX
  RAMM1                 00000400   00000400  00000000  00000400  RWIX
  DEV_EMU               00000880   00000180  000000d0  000000b0  RWIX
  FLASH_REGS            00000a80   00000060  00000008  00000058  RWIX
  CSM                   00000ae0   00000010  00000010  00000000  RWIX
  ADC_MIRROR            00000b00   00000010  00000010  00000000  RWIX
  XINTF                 00000b20   00000020  0000001e  00000002  RWIX
  CPU_TIMER0            00000c00   00000008  00000008  00000000  RWIX
  CPU_TIMER1            00000c08   00000008  00000008  00000000  RWIX
  CPU_TIMER2            00000c10   00000008  00000008  00000000  RWIX
  PIE_CTRL              00000ce0   00000020  0000001a  00000006  RWIX
  PIE_VECT              00000d00   00000100  00000100  00000000  RWIX
  DMA                   00001000   00000200  000000e0  00000120  RWIX
  MCBSPA                00005000   00000040  00000025  0000001b  RWIX
  MCBSPB                00005040   00000040  00000025  0000001b  RWIX
  ECANA                 00006000   00000040  00000034  0000000c  RWIX
  ECANA_LAM             00006040   00000040  00000040  00000000  RWIX
  ECANA_MOTS            00006080   00000040  00000040  00000000  RWIX
  ECANA_MOTO            000060c0   00000040  00000040  00000000  RWIX
  ECANA_MBOX            00006100   00000100  00000100  00000000  RWIX
  ECANB                 00006200   00000040  00000034  0000000c  RWIX
  ECANB_LAM             00006240   00000040  00000040  00000000  RWIX
  ECANB_MOTS            00006280   00000040  00000040  00000000  RWIX
  ECANB_MOTO            000062c0   00000040  00000040  00000000  RWIX
  ECANB_MBOX            00006300   00000100  00000100  00000000  RWIX
  EPWM1                 00006800   00000022  00000022  00000000  RWIX
  EPWM2                 00006840   00000022  00000022  00000000  RWIX
  EPWM3                 00006880   00000022  00000022  00000000  RWIX
  EPWM4                 000068c0   00000022  00000022  00000000  RWIX
  EPWM5                 00006900   00000022  00000022  00000000  RWIX
  EPWM6                 00006940   00000022  00000022  00000000  RWIX
  ECAP1                 00006a00   00000020  00000020  00000000  RWIX
  ECAP2                 00006a20   00000020  00000020  00000000  RWIX
  ECAP3                 00006a40   00000020  00000020  00000000  RWIX
  ECAP4                 00006a60   00000020  00000020  00000000  RWIX
  ECAP5                 00006a80   00000020  00000020  00000000  RWIX
  ECAP6                 00006aa0   00000020  00000020  00000000  RWIX
  EQEP1                 00006b00   00000040  00000040  00000000  RWIX
  EQEP2                 00006b40   00000040  00000040  00000000  RWIX
  GPIOCTRL              00006f80   00000040  0000002e  00000012  RWIX
  GPIODAT               00006fc0   00000020  00000020  00000000  RWIX
  GPIOINT               00006fe0   00000020  0000000a  00000016  RWIX
  SYSTEM                00007010   00000020  00000020  00000000  RWIX
  SPIA                  00007040   00000010  00000010  00000000  RWIX
  SCIA                  00007050   00000010  00000010  00000000  RWIX
  XINTRUPT              00007070   00000010  00000010  00000000  RWIX
  ADC                   00007100   00000020  0000001e  00000002  RWIX
  SCIB                  00007750   00000010  00000010  00000000  RWIX
  SCIC                  00007770   00000010  00000010  00000000  RWIX
  I2CA                  00007900   00000040  00000022  0000001e  RWIX
  RAML4                 0000c000   00004000  000034d4  00000b2c  RWIX
  ZONE7B                0020fc00   00000400  00000000  00000400  RWIX
  CSM_PWL               0033fff8   00000008  00000008  00000000  RWIX
  PARTID                00380090   00000001  00000001  00000000  RWIX

PAGE 2:
  USER_RAMH0            003f8000   00008000  00000000  00008000  RWIX


SECTION ALLOCATION MAP

 output                                  attributes/
section   page    origin      length       input sections
--------  ----  ----------  ----------   ----------------
codestart 
*          0    00000000    00000002     
                  00000000    00000002     DSP2833x_CodeStartBranch.obj (codestart)

ramfuncs   0    00008045    00000004     
                  00008045    00000004     DSP2833x_usDelay.obj (ramfuncs)

.text      1    0000c000    00002648     
                  0000c000    00000ce3     rts2800_fpu32.lib : _printfi.c.obj (.text)
                  0000cce3    000003b3     oled.obj (.text)
                  0000d096    00000316     DSP2833x_DefaultIsr.obj (.text:retain)
                  0000d3ac    00000266     rts2800_fpu32.lib : memory.c.obj (.text)
                  0000d612    00000229     main.obj (.text:retain)
                  0000d83b    000001b4     EEP_IIC.obj (.text)
                  0000d9ef    0000011f     iic.obj (.text)
                  0000db0e    00000107     rts2800_fpu32.lib : ll_div28.asm.obj (.text)
                  0000dc15    000000f8     DSP2833x_SysCtrl.obj (.text)
                  0000dd0d    000000e4     main.obj (.text)
                  0000ddf1    000000af     sci.obj (.text)
                  0000dea0    000000ae     rts2800_fpu32.lib : s_scalbn.c.obj (.text)
                  0000df4e    0000009c                       : fd_add28.asm.obj (.text)
                  0000dfea    0000008b                       : fd_div28.asm.obj (.text)
                  0000e075    00000083                       : fd_mpy28.asm.obj (.text)
                  0000e0f8    00000075     sci.obj (.text:retain)
                  0000e16d    00000073     DSP2833x_CpuTimers.obj (.text)
                  0000e1e0    0000005a     rts2800_fpu32.lib : s_frexp.c.obj (.text)
                  0000e23a    00000056                       : boot28.asm.obj (.text)
                  0000e290    0000004e     DSP2833x_Sci.obj (.text)
                  0000e2de    00000041     EEP_Delay.obj (.text)
                  0000e31f    00000032     rts2800_fpu32.lib : sprintf.c.obj (.text)
                  0000e351    00000031                       : atoi.c.obj (.text)
                  0000e382    00000030                       : ltoa.c.obj (.text)
                  0000e3b2    0000002a                       : fd_cmp28.asm.obj (.text)
                  0000e3dc    0000002a                       : l_div28.asm.obj (.text)
                  0000e406    00000029                       : exit.c.obj (.text)
                  0000e42f    00000028     DSP2833x_PieCtrl.obj (.text)
                  0000e457    00000025     rts2800_fpu32.lib : s_copysign.c.obj (.text)
                  0000e47c    00000024                       : cpy_tbl.c.obj (.text)
                  0000e4a0    00000021                       : fd_toi28.asm.obj (.text)
                  0000e4c1    00000020     DSP2833x_PieVect.obj (.text)
                  0000e4e1    0000001f     rts2800_fpu32.lib : fd_tol28.asm.obj (.text)
                  0000e500    0000001e                       : ll_cmp28.asm.obj (.text)
                  0000e51e    0000001d                       : i_tofd28.asm.obj (.text)
                  0000e53b    0000001d                       : memcpy.c.obj (.text)
                  0000e558    0000001c                       : fs_tofdfpu32.asm.obj (.text)
                  0000e574    0000001c                       : l_tofd28.asm.obj (.text)
                  0000e590    00000019                       : args_main.c.obj (.text)
                  0000e5a9    00000018                       : ll_aox28.asm.obj (.text)
                  0000e5c1    00000017     DSP2833x_Gpio.obj (.text)
                  0000e5d8    0000000e     rts2800_fpu32.lib : fd_sub28.asm.obj (.text)
                  0000e5e6    0000000d                       : memccpy.c.obj (.text)
                  0000e5f3    0000000c                       : memset.c.obj (.text)
                  0000e5ff    0000000c                       : strchr.c.obj (.text)
                  0000e60b    00000009                       : _lock.c.obj (.text)
                  0000e614    00000009                       : fd_neg28.asm.obj (.text)
                  0000e61d    00000009                       : wcslen.c.obj (.text)
                  0000e626    00000008     DSP2833x_CodeStartBranch.obj (.text)
                  0000e62e    00000008     rts2800_fpu32.lib : strlen.c.obj (.text)
                  0000e636    00000007     DSP2833x_DisInt.obj (.text)
                  0000e63d    00000005     rts2800_fpu32.lib : strcpy.c.obj (.text)
                  0000e642    00000003     DSP2833x_DBGIER.obj (.text)
                  0000e645    00000002     rts2800_fpu32.lib : pre_init.c.obj (.text)
                  0000e647    00000001                       : startup.c.obj (.text)

.cinit     0    00008000    00000045     
                  00008000    0000000e     rts2800_fpu32.lib : exit.c.obj (.cinit)
                  0000800e    0000000d     main.obj (.cinit)
                  0000801b    0000000b     main.obj (.cinit:_sForward)
                  00008026    00000007     main.obj (.cinit:_Forward)
                  0000802d    00000005     rts2800_fpu32.lib : _lock.c.obj (.cinit:__lock)
                  00008032    00000005                       : _lock.c.obj (.cinit:__unlock)
                  00008037    00000004                       : errno.c.obj (.cinit)
                  0000803b    00000004                       : memory.c.obj (.cinit)
                  0000803f    00000004     sci.obj (.cinit)
                  00008043    00000002     --HOLE-- [fill = 0]

.pinit     0    00008000    00000000     UNINITIALIZED

.stack     0    00200000    00000300     UNINITIALIZED
                  00200000    00000300     --HOLE--

.econst    1    0000e648    00000a46     
                  0000e648    000005f0     oled.obj (.econst:.string:_F8X16)
                  0000ec38    000001c0     oled.obj (.econst:_Hzk)
                  0000edf8    00000101     rts2800_fpu32.lib : ctype.c.obj (.econst:.string:__ctypes_)
                  0000eef9    00000001     --HOLE-- [fill = 0]
                  0000eefa    00000100     DSP2833x_PieVect.obj (.econst:_PieVectTableInit)
                  0000effa    0000002d     main.obj (.econst:.string)
                  0000f027    00000001     --HOLE-- [fill = 0]
                  0000f028    00000026     rts2800_fpu32.lib : _printfi.c.obj (.econst:.string)
                  0000f04e    0000001c                       : _printfi.c.obj (.econst)
                  0000f06a    0000001c                       : s_scalbn.c.obj (.econst)
                  0000f086    00000008                       : s_frexp.c.obj (.econst)

.esysmem   1    0000f08e    00000400     UNINITIALIZED
                  0000f08e    00000004     rts2800_fpu32.lib : memory.c.obj (.esysmem)
                  0000f092    000003fc     --HOLE--

.ebss      1    0000f48e    00000046     UNINITIALIZED
                  0000f48e    00000018     DSP2833x_CpuTimers.obj (.ebss)
                  0000f4a6    0000000a     main.obj (.ebss)
                  0000f4b0    00000008     main.obj (.ebss:_rdataA)
                  0000f4b8    00000008     main.obj (.ebss:_sForward)
                  0000f4c0    00000006     rts2800_fpu32.lib : exit.c.obj (.ebss)
                  0000f4c6    00000004     main.obj (.ebss:_Forward)
                  0000f4ca    00000004     rts2800_fpu32.lib : memory.c.obj (.ebss)
                  0000f4ce    00000002                       : _lock.c.obj (.ebss:__lock)
                  0000f4d0    00000002                       : _lock.c.obj (.ebss:__unlock)
                  0000f4d2    00000001                       : errno.c.obj (.ebss)
                  0000f4d3    00000001     sci.obj (.ebss)

.reset     0    003fffc0    00000002     DSECT
                  003fffc0    00000002     rts2800_fpu32.lib : boot28.asm.obj (.reset)

csm_rsvd   0    0033ff80    00000000     DSECT

csmpasswds 
*          0    0033fff8    00000000     DSECT

.adc_cal   0    00380080    00000007     NOLOAD SECTION
                  00380080    00000007     DSP2833x_ADC_cal.obj (.adc_cal)

DevEmuRegsFile 
*          1    00000880    000000d0     UNINITIALIZED
                  00000880    000000d0     DSP2833x_GlobalVariableDefs.obj (DevEmuRegsFile)

FlashRegsFile 
*          1    00000a80    00000008     UNINITIALIZED
                  00000a80    00000008     DSP2833x_GlobalVariableDefs.obj (FlashRegsFile)

CsmRegsFile 
*          1    00000ae0    00000010     UNINITIALIZED
                  00000ae0    00000010     DSP2833x_GlobalVariableDefs.obj (CsmRegsFile)

AdcMirrorFile 
*          1    00000b00    00000010     UNINITIALIZED
                  00000b00    00000010     DSP2833x_GlobalVariableDefs.obj (AdcMirrorFile)

XintfRegsFile 
*          1    00000b20    0000001e     UNINITIALIZED
                  00000b20    0000001e     DSP2833x_GlobalVariableDefs.obj (XintfRegsFile)

CpuTimer0RegsFile 
*          1    00000c00    00000008     UNINITIALIZED
                  00000c00    00000008     DSP2833x_GlobalVariableDefs.obj (CpuTimer0RegsFile)

CpuTimer1RegsFile 
*          1    00000c08    00000008     UNINITIALIZED
                  00000c08    00000008     DSP2833x_GlobalVariableDefs.obj (CpuTimer1RegsFile)

CpuTimer2RegsFile 
*          1    00000c10    00000008     UNINITIALIZED
                  00000c10    00000008     DSP2833x_GlobalVariableDefs.obj (CpuTimer2RegsFile)

PieCtrlRegsFile 
*          1    00000ce0    0000001a     UNINITIALIZED
                  00000ce0    0000001a     DSP2833x_GlobalVariableDefs.obj (PieCtrlRegsFile)

PieVectTableFile 
*          1    00000d00    00000100     UNINITIALIZED
                  00000d00    00000100     DSP2833x_GlobalVariableDefs.obj (PieVectTableFile)

DmaRegsFile 
*          1    00001000    000000e0     UNINITIALIZED
                  00001000    000000e0     DSP2833x_GlobalVariableDefs.obj (DmaRegsFile)

McbspaRegsFile 
*          1    00005000    00000025     UNINITIALIZED
                  00005000    00000025     DSP2833x_GlobalVariableDefs.obj (McbspaRegsFile)

McbspbRegsFile 
*          1    00005040    00000025     UNINITIALIZED
                  00005040    00000025     DSP2833x_GlobalVariableDefs.obj (McbspbRegsFile)

ECanaRegsFile 
*          1    00006000    00000034     UNINITIALIZED
                  00006000    00000034     DSP2833x_GlobalVariableDefs.obj (ECanaRegsFile)

ECanaLAMRegsFile 
*          1    00006040    00000040     UNINITIALIZED
                  00006040    00000040     DSP2833x_GlobalVariableDefs.obj (ECanaLAMRegsFile)

ECanaMOTSRegsFile 
*          1    00006080    00000040     UNINITIALIZED
                  00006080    00000040     DSP2833x_GlobalVariableDefs.obj (ECanaMOTSRegsFile)

ECanaMOTORegsFile 
*          1    000060c0    00000040     UNINITIALIZED
                  000060c0    00000040     DSP2833x_GlobalVariableDefs.obj (ECanaMOTORegsFile)

ECanaMboxesFile 
*          1    00006100    00000100     UNINITIALIZED
                  00006100    00000100     DSP2833x_GlobalVariableDefs.obj (ECanaMboxesFile)

ECanbRegsFile 
*          1    00006200    00000034     UNINITIALIZED
                  00006200    00000034     DSP2833x_GlobalVariableDefs.obj (ECanbRegsFile)

ECanbLAMRegsFile 
*          1    00006240    00000040     UNINITIALIZED
                  00006240    00000040     DSP2833x_GlobalVariableDefs.obj (ECanbLAMRegsFile)

ECanbMOTSRegsFile 
*          1    00006280    00000040     UNINITIALIZED
                  00006280    00000040     DSP2833x_GlobalVariableDefs.obj (ECanbMOTSRegsFile)

ECanbMOTORegsFile 
*          1    000062c0    00000040     UNINITIALIZED
                  000062c0    00000040     DSP2833x_GlobalVariableDefs.obj (ECanbMOTORegsFile)

ECanbMboxesFile 
*          1    00006300    00000100     UNINITIALIZED
                  00006300    00000100     DSP2833x_GlobalVariableDefs.obj (ECanbMboxesFile)

EPwm1RegsFile 
*          1    00006800    00000022     UNINITIALIZED
                  00006800    00000022     DSP2833x_GlobalVariableDefs.obj (EPwm1RegsFile)

EPwm2RegsFile 
*          1    00006840    00000022     UNINITIALIZED
                  00006840    00000022     DSP2833x_GlobalVariableDefs.obj (EPwm2RegsFile)

EPwm3RegsFile 
*          1    00006880    00000022     UNINITIALIZED
                  00006880    00000022     DSP2833x_GlobalVariableDefs.obj (EPwm3RegsFile)

EPwm4RegsFile 
*          1    000068c0    00000022     UNINITIALIZED
                  000068c0    00000022     DSP2833x_GlobalVariableDefs.obj (EPwm4RegsFile)

EPwm5RegsFile 
*          1    00006900    00000022     UNINITIALIZED
                  00006900    00000022     DSP2833x_GlobalVariableDefs.obj (EPwm5RegsFile)

EPwm6RegsFile 
*          1    00006940    00000022     UNINITIALIZED
                  00006940    00000022     DSP2833x_GlobalVariableDefs.obj (EPwm6RegsFile)

ECap1RegsFile 
*          1    00006a00    00000020     UNINITIALIZED
                  00006a00    00000020     DSP2833x_GlobalVariableDefs.obj (ECap1RegsFile)

ECap2RegsFile 
*          1    00006a20    00000020     UNINITIALIZED
                  00006a20    00000020     DSP2833x_GlobalVariableDefs.obj (ECap2RegsFile)

ECap3RegsFile 
*          1    00006a40    00000020     UNINITIALIZED
                  00006a40    00000020     DSP2833x_GlobalVariableDefs.obj (ECap3RegsFile)

ECap4RegsFile 
*          1    00006a60    00000020     UNINITIALIZED
                  00006a60    00000020     DSP2833x_GlobalVariableDefs.obj (ECap4RegsFile)

ECap5RegsFile 
*          1    00006a80    00000020     UNINITIALIZED
                  00006a80    00000020     DSP2833x_GlobalVariableDefs.obj (ECap5RegsFile)

ECap6RegsFile 
*          1    00006aa0    00000020     UNINITIALIZED
                  00006aa0    00000020     DSP2833x_GlobalVariableDefs.obj (ECap6RegsFile)

EQep1RegsFile 
*          1    00006b00    00000040     UNINITIALIZED
                  00006b00    00000040     DSP2833x_GlobalVariableDefs.obj (EQep1RegsFile)

EQep2RegsFile 
*          1    00006b40    00000040     UNINITIALIZED
                  00006b40    00000040     DSP2833x_GlobalVariableDefs.obj (EQep2RegsFile)

GpioCtrlRegsFile 
*          1    00006f80    0000002e     UNINITIALIZED
                  00006f80    0000002e     DSP2833x_GlobalVariableDefs.obj (GpioCtrlRegsFile)

GpioDataRegsFile 
*          1    00006fc0    00000020     UNINITIALIZED
                  00006fc0    00000020     DSP2833x_GlobalVariableDefs.obj (GpioDataRegsFile)

GpioIntRegsFile 
*          1    00006fe0    0000000a     UNINITIALIZED
                  00006fe0    0000000a     DSP2833x_GlobalVariableDefs.obj (GpioIntRegsFile)

SysCtrlRegsFile 
*          1    00007010    00000020     UNINITIALIZED
                  00007010    00000020     DSP2833x_GlobalVariableDefs.obj (SysCtrlRegsFile)

SpiaRegsFile 
*          1    00007040    00000010     UNINITIALIZED
                  00007040    00000010     DSP2833x_GlobalVariableDefs.obj (SpiaRegsFile)

SciaRegsFile 
*          1    00007050    00000010     UNINITIALIZED
                  00007050    00000010     DSP2833x_GlobalVariableDefs.obj (SciaRegsFile)

XIntruptRegsFile 
*          1    00007070    00000010     UNINITIALIZED
                  00007070    00000010     DSP2833x_GlobalVariableDefs.obj (XIntruptRegsFile)

AdcRegsFile 
*          1    00007100    0000001e     UNINITIALIZED
                  00007100    0000001e     DSP2833x_GlobalVariableDefs.obj (AdcRegsFile)

ScibRegsFile 
*          1    00007750    00000010     UNINITIALIZED
                  00007750    00000010     DSP2833x_GlobalVariableDefs.obj (ScibRegsFile)

ScicRegsFile 
*          1    00007770    00000010     UNINITIALIZED
                  00007770    00000010     DSP2833x_GlobalVariableDefs.obj (ScicRegsFile)

I2caRegsFile 
*          1    00007900    00000022     UNINITIALIZED
                  00007900    00000022     DSP2833x_GlobalVariableDefs.obj (I2caRegsFile)

CsmPwlFile 
*          1    0033fff8    00000008     UNINITIALIZED
                  0033fff8    00000008     DSP2833x_GlobalVariableDefs.obj (CsmPwlFile)

PartIdRegsFile 
*          1    00380090    00000001     UNINITIALIZED
                  00380090    00000001     DSP2833x_GlobalVariableDefs.obj (PartIdRegsFile)

MODULE SUMMARY

       Module                            code   initialized data   uninitialized data
       ------                            ----   ----------------   ------------------
    .\DSP2833x_common\source\
       DSP2833x_DefaultIsr.obj           790    0                  0                 
       DSP2833x_PieVect.obj              32     256                0                 
       DSP2833x_SysCtrl.obj              248    0                  0                 
       DSP2833x_CpuTimers.obj            115    0                  24                
       DSP2833x_Sci.obj                  78     0                  0                 
       DSP2833x_PieCtrl.obj              40     0                  0                 
       DSP2833x_Gpio.obj                 23     0                  0                 
       DSP2833x_CodeStartBranch.obj      10     0                  0                 
       DSP2833x_ADC_cal.obj              7      0                  0                 
       DSP2833x_DisInt.obj               7      0                  0                 
       DSP2833x_usDelay.obj              4      0                  0                 
       DSP2833x_DBGIER.obj               3      0                  0                 
    +--+---------------------------------+------+------------------+--------------------+
       Total:                            1357   256                24                
                                                                                     
    .\DSP2833x_headers\source\
       DSP2833x_GlobalVariableDefs.obj   0      0                  2679              
    +--+---------------------------------+------+------------------+--------------------+
       Total:                            0      0                  2679              
                                                                                     
    .\src\
       oled.obj                          947    1968               0                 
       main.obj                          781    76                 30                
       EEP_IIC.obj                       436    0                  0                 
       sci.obj                           292    4                  1                 
       iic.obj                           287    0                  0                 
       EEP_Delay.obj                     65     0                  0                 
    +--+---------------------------------+------+------------------+--------------------+
       Total:                            2808   2048               31                
                                                                                     
    C:\opt\ti\ccs9\ccs\tools\compiler\ti-cgt-c2000_18.12.1.LTS\lib\rts2800_fpu32.lib
       _printfi.c.obj                    3299   66                 0                 
       memory.c.obj                      614    4                  4                 
       ll_div28.asm.obj                  263    0                  0                 
       ctype.c.obj                       0      257                0                 
       s_scalbn.c.obj                    174    28                 0                 
       fd_add28.asm.obj                  156    0                  0                 
       fd_div28.asm.obj                  139    0                  0                 
       fd_mpy28.asm.obj                  131    0                  0                 
       s_frexp.c.obj                     90     8                  0                 
       boot28.asm.obj                    86     0                  0                 
       exit.c.obj                        41     14                 6                 
       sprintf.c.obj                     50     0                  0                 
       atoi.c.obj                        49     0                  0                 
       ltoa.c.obj                        48     0                  0                 
       fd_cmp28.asm.obj                  42     0                  0                 
       l_div28.asm.obj                   42     0                  0                 
       s_copysign.c.obj                  37     0                  0                 
       cpy_tbl.c.obj                     36     0                  0                 
       fd_toi28.asm.obj                  33     0                  0                 
       fd_tol28.asm.obj                  31     0                  0                 
       ll_cmp28.asm.obj                  30     0                  0                 
       i_tofd28.asm.obj                  29     0                  0                 
       memcpy.c.obj                      29     0                  0                 
       fs_tofdfpu32.asm.obj              28     0                  0                 
       l_tofd28.asm.obj                  28     0                  0                 
       args_main.c.obj                   25     0                  0                 
       ll_aox28.asm.obj                  24     0                  0                 
       _lock.c.obj                       9      10                 4                 
       fd_sub28.asm.obj                  14     0                  0                 
       memccpy.c.obj                     13     0                  0                 
       memset.c.obj                      12     0                  0                 
       strchr.c.obj                      12     0                  0                 
       fd_neg28.asm.obj                  9      0                  0                 
       wcslen.c.obj                      9      0                  0                 
       strlen.c.obj                      8      0                  0                 
       errno.c.obj                       0      4                  1                 
       strcpy.c.obj                      5      0                  0                 
       pre_init.c.obj                    2      0                  0                 
       startup.c.obj                     1      0                  0                 
    +--+---------------------------------+------+------------------+--------------------+
       Total:                            5648   391                15                
                                                                                     
       Heap:                             0      0                  1024              
       Stack:                            0      0                  768               
    +--+---------------------------------+------+------------------+--------------------+
       Grand Total:                      9813   2695               4541              


GLOBAL DATA SYMBOLS: SORTED BY DATA PAGE

address     data page           name
--------    ----------------    ----
00000880      22 (00000880)     _DevEmuRegs

00000a80      2a (00000a80)     _FlashRegs

00000ae0      2b (00000ac0)     _CsmRegs

00000b00      2c (00000b00)     _AdcMirror
00000b20      2c (00000b00)     _XintfRegs

00000c00      30 (00000c00)     _CpuTimer0Regs
00000c08      30 (00000c00)     _CpuTimer1Regs
00000c10      30 (00000c00)     _CpuTimer2Regs

00000ce0      33 (00000cc0)     _PieCtrlRegs

00000d00      34 (00000d00)     _PieVectTable

00001000      40 (00001000)     _DmaRegs

00005000     140 (00005000)     _McbspaRegs

00005040     141 (00005040)     _McbspbRegs

00006000     180 (00006000)     _ECanaRegs

00006040     181 (00006040)     _ECanaLAMRegs

00006080     182 (00006080)     _ECanaMOTSRegs

000060c0     183 (000060c0)     _ECanaMOTORegs

00006100     184 (00006100)     _ECanaMboxes

00006200     188 (00006200)     _ECanbRegs

00006240     189 (00006240)     _ECanbLAMRegs

00006280     18a (00006280)     _ECanbMOTSRegs

000062c0     18b (000062c0)     _ECanbMOTORegs

00006300     18c (00006300)     _ECanbMboxes

00006800     1a0 (00006800)     _EPwm1Regs

00006840     1a1 (00006840)     _EPwm2Regs

00006880     1a2 (00006880)     _EPwm3Regs

000068c0     1a3 (000068c0)     _EPwm4Regs

00006900     1a4 (00006900)     _EPwm5Regs

00006940     1a5 (00006940)     _EPwm6Regs

00006a00     1a8 (00006a00)     _ECap1Regs
00006a20     1a8 (00006a00)     _ECap2Regs

00006a40     1a9 (00006a40)     _ECap3Regs
00006a60     1a9 (00006a40)     _ECap4Regs

00006a80     1aa (00006a80)     _ECap5Regs
00006aa0     1aa (00006a80)     _ECap6Regs

00006b00     1ac (00006b00)     _EQep1Regs

00006b40     1ad (00006b40)     _EQep2Regs

00006f80     1be (00006f80)     _GpioCtrlRegs

00006fc0     1bf (00006fc0)     _GpioDataRegs
00006fe0     1bf (00006fc0)     _GpioIntRegs

00007010     1c0 (00007000)     _SysCtrlRegs

00007040     1c1 (00007040)     _SpiaRegs
00007050     1c1 (00007040)     _SciaRegs
00007070     1c1 (00007040)     _XIntruptRegs

00007100     1c4 (00007100)     _AdcRegs

00007750     1dd (00007740)     _ScibRegs
00007770     1dd (00007740)     _ScicRegs

00007900     1e4 (00007900)     _I2caRegs

0000e648     399 (0000e640)     _F8X16

0000ec38     3b0 (0000ec00)     _Hzk

0000edf8     3b7 (0000edc0)     __ctypes_

0000eefa     3bb (0000eec0)     _PieVectTableInit

0000f08e     3c2 (0000f080)     __sys_memory

0000f48e     3d2 (0000f480)     _CpuTimer0
0000f496     3d2 (0000f480)     _CpuTimer1
0000f49e     3d2 (0000f480)     _CpuTimer2
0000f4a6     3d2 (0000f480)     _KeyRec
0000f4a7     3d2 (0000f480)     _speed
0000f4a8     3d2 (0000f480)     _dir
0000f4a9     3d2 (0000f480)     _mode
0000f4aa     3d2 (0000f480)     _part_mode
0000f4ab     3d2 (0000f480)     _refresh
0000f4ac     3d2 (0000f480)     _oled
0000f4ae     3d2 (0000f480)     _temp
0000f4b0     3d2 (0000f480)     _rdataA
0000f4b8     3d2 (0000f480)     _sForward

0000f4c0     3d3 (0000f4c0)     ___TI_enable_exit_profile_output
0000f4c2     3d3 (0000f4c0)     ___TI_cleanup_ptr
0000f4c4     3d3 (0000f4c0)     ___TI_dtors_ptr
0000f4c6     3d3 (0000f4c0)     _Forward
0000f4ce     3d3 (0000f4c0)     __lock
0000f4d0     3d3 (0000f4c0)     __unlock
0000f4d2     3d3 (0000f4c0)     _errno
0000f4d3     3d3 (0000f4c0)     _rx_count

00200000    8000 (00200000)     __stack

0033fff8    cfff (0033ffc0)     _CsmPwl

00380090    e002 (00380080)     _PartIdRegs


GLOBAL SYMBOLS: SORTED ALPHABETICALLY BY Name 

page  address   name                            
----  -------   ----                            
1     0000c000  .text                           
1     0000e406  C$$EXIT                         
1     0000df4e  FD$$ADD                         
1     0000e3b2  FD$$CMP                         
1     0000dfea  FD$$DIV                         
1     0000e075  FD$$MPY                         
1     0000e614  FD$$NEG                         
1     0000e5d8  FD$$SUB                         
1     0000e4a0  FD$$TOI                         
1     0000e4e1  FD$$TOL                         
1     0000e558  FS$$TOFD                        
1     0000e51e  I$$TOFD                         
1     0000e3dc  L$$DIV                          
1     0000e3eb  L$$MOD                          
1     0000e574  L$$TOFD                         
1     0000e5a9  LL$$AND                         
1     0000e500  LL$$CMP                         
1     0000db0e  LL$$DIV                         
1     0000db4a  LL$$MOD                         
1     0000e5b1  LL$$OR                          
1     0000e5b9  LL$$XOR                         
1     0000e3f9  UL$$DIV                         
1     0000e400  UL$$MOD                         
1     0000e512  ULL$$CMP                        
1     0000db84  ULL$$DIV                        
1     0000dbb3  ULL$$MOD                        
1     0000d17c  _ADCINT_ISR                     
0     00380080  _ADC_cal                        
1     0000d9b2  _API_UINT16_I2cByteRead         
1     0000d97a  _API_UINT16_I2cByteWrite        
1     00000b00  _AdcMirror                      
1     00007100  _AdcRegs                        
1     0000d8bd  _BL_UINT16_I2cReceive           
1     0000d8fc  _BL_UINT16_I2cSlaveAck          
1     0000d932  _BL_VOID_I2cSendAck             
1     0000d95c  _BL_VOID_I2cSendNack            
1     0000d83b  _BL_VOID_I2cSendStart           
1     0000d860  _BL_VOID_I2cSendStop            
1     0000d881  _BL_VOID_I2cTransmit            
1     0000e1a6  _ConfigCpuTimer                 
1     0000f48e  _CpuTimer0                      
1     00000c00  _CpuTimer0Regs                  
1     0000f496  _CpuTimer1                      
1     00000c08  _CpuTimer1Regs                  
1     0000f49e  _CpuTimer2                      
1     00000c10  _CpuTimer2Regs                  
1     0033fff8  _CsmPwl                         
1     00000ae0  _CsmRegs                        
1     0000dcdc  _CsmUnlock                      
1     0000d0aa  _DATALOG_ISR                    
1     0000d29e  _DINTCH1_ISR                    
1     0000d2a8  _DINTCH2_ISR                    
1     0000d2b2  _DINTCH3_ISR                    
1     0000d2bc  _DINTCH4_ISR                    
1     0000d2c6  _DINTCH5_ISR                    
1     0000d2d0  _DINTCH6_ISR                    
1     0000e636  _DSP28x_DisableInt              
1     0000e63a  _DSP28x_RestoreInt              
0     00008045  _DSP28x_usDelay                 
1     0000e2eb  _Delay_ms                       
1     0000e2fa  _Delay_s                        
1     0000e2de  _Delay_us                       
1     00000880  _DevEmuRegs                     
1     0000dc28  _DisableDog                     
1     00001000  _DmaRegs                        
1     0000d32a  _ECAN0INTA_ISR                  
1     0000d33e  _ECAN0INTB_ISR                  
1     0000d334  _ECAN1INTA_ISR                  
1     0000d348  _ECAN1INTB_ISR                  
1     0000d212  _ECAP1_INT_ISR                  
1     0000d21c  _ECAP2_INT_ISR                  
1     0000d226  _ECAP3_INT_ISR                  
1     0000d230  _ECAP4_INT_ISR                  
1     0000d23a  _ECAP5_INT_ISR                  
1     0000d244  _ECAP6_INT_ISR                  
1     00006040  _ECanaLAMRegs                   
1     000060c0  _ECanaMOTORegs                  
1     00006080  _ECanaMOTSRegs                  
1     00006100  _ECanaMboxes                    
1     00006000  _ECanaRegs                      
1     00006240  _ECanbLAMRegs                   
1     000062c0  _ECanbMOTORegs                  
1     00006280  _ECanbMOTSRegs                  
1     00006300  _ECanbMboxes                    
1     00006200  _ECanbRegs                      
1     00006a00  _ECap1Regs                      
1     00006a20  _ECap2Regs                      
1     00006a40  _ECap3Regs                      
1     00006a60  _ECap4Regs                      
1     00006a80  _ECap5Regs                      
1     00006aa0  _ECap6Regs                      
1     0000d0be  _EMUINT_ISR                     
1     0000d1d6  _EPWM1_INT_ISR                  
1     0000d19a  _EPWM1_TZINT_ISR                
1     0000d1e0  _EPWM2_INT_ISR                  
1     0000d1a4  _EPWM2_TZINT_ISR                
1     0000d1ea  _EPWM3_INT_ISR                  
1     0000d1ae  _EPWM3_TZINT_ISR                
1     0000d1f4  _EPWM4_INT_ISR                  
1     0000d1b8  _EPWM4_TZINT_ISR                
1     0000d1fe  _EPWM5_INT_ISR                  
1     0000d1c2  _EPWM5_TZINT_ISR                
1     0000d208  _EPWM6_INT_ISR                  
1     0000d1cc  _EPWM6_TZINT_ISR                
1     00006800  _EPwm1Regs                      
1     00006840  _EPwm2Regs                      
1     00006880  _EPwm3Regs                      
1     000068c0  _EPwm4Regs                      
1     00006900  _EPwm5Regs                      
1     00006940  _EPwm6Regs                      
1     0000d24e  _EQEP1_INT_ISR                  
1     0000d258  _EQEP2_INT_ISR                  
1     00006b00  _EQep1Regs                      
1     00006b40  _EQep2Regs                      
1     0000e44e  _EnableInterrupts               
1     0000e648  _F8X16                          
1     00000a80  _FlashRegs                      
1     0000f4c6  _Forward                        
1     0000ddd3  _GPIO_INIT                      
1     00006f80  _GpioCtrlRegs                   
1     00006fc0  _GpioDataRegs                   
1     00006fe0  _GpioIntRegs                    
1     0000ec38  _Hzk                            
1     0000d2da  _I2CINT1A_ISR                   
1     0000d2e4  _I2CINT2A_ISR                   
1     00007900  _I2caRegs                       
1     0000d0d2  _ILLEGAL_ISR                    
1     0000d096  _INT13_ISR                      
1     0000d0a0  _INT14_ISR                      
1     0000e16d  _InitCpuTimers                  
1     0000e5c1  _InitGpio                       
1     0000dc81  _InitPeripheralClocks           
1     0000e42f  _InitPieCtrl                    
1     0000e4c1  _InitPieVectTable               
1     0000dc30  _InitPll                        
1     0000e290  _InitSci                        
1     0000e293  _InitSciGpio                    
1     0000e29a  _InitSciaGpio                   
1     0000e2b2  _InitScibGpio                   
1     0000e2c8  _InitScicGpio                   
1     0000dc15  _InitSysCtrl                    
1     0000f4a6  _KeyRec                         
1     0000d38e  _LUF_ISR                        
1     0000d384  _LVF_ISR                        
1     0000d28a  _MRINTA_ISR                     
1     0000d276  _MRINTB_ISR                     
1     0000d294  _MXINTA_ISR                     
1     0000d280  _MXINTB_ISR                     
1     00005000  _McbspaRegs                     
1     00005040  _McbspbRegs                     
1     0000d0c8  _NMI_ISR                        
1     0000d398  _PIE_RESERVED                   
1     00380090  _PartIdRegs                     
1     00000ce0  _PieCtrlRegs                    
1     00000d00  _PieVectTable                   
1     0000eefa  _PieVectTableInit               
1     0000d0b4  _RTOSINT_ISR                    
1     0000d302  _SCIRXINTA_ISR                  
1     0000d316  _SCIRXINTB_ISR                  
1     0000d2ee  _SCIRXINTC_ISR                  
1     0000d30c  _SCITXINTA_ISR                  
1     0000d320  _SCITXINTB_ISR                  
1     0000d2f8  _SCITXINTC_ISR                  
1     0000ddf1  _SCI_INIT                       
1     0000d154  _SEQ1INT_ISR                    
1     0000d15e  _SEQ2INT_ISR                    
1     0000d262  _SPIRXINTA_ISR                  
1     0000d26c  _SPITXINTA_ISR                  
1     00007050  _SciaRegs                       
1     00007750  _ScibRegs                       
1     00007770  _ScicRegs                       
1     0000dc1e  _ServiceDog                     
1     0000e642  _SetDBGIER                      
1     00007040  _SpiaRegs                       
1     00007010  _SysCtrlRegs                    
1     0000d186  _TINT0_ISR                      
1     0000d136  _USER10_ISR                     
1     0000d140  _USER11_ISR                     
1     0000d14a  _USER12_ISR                     
1     0000d0dc  _USER1_ISR                      
1     0000d0e6  _USER2_ISR                      
1     0000d0f0  _USER3_ISR                      
1     0000d0fa  _USER4_ISR                      
1     0000d104  _USER5_ISR                      
1     0000d10e  _USER6_ISR                      
1     0000d118  _USER7_ISR                      
1     0000d122  _USER8_ISR                      
1     0000d12c  _USER9_ISR                      
1     0000d190  _WAKEINT_ISR                    
1     0000d168  _XINT1_ISR                      
1     0000d172  _XINT2_ISR                      
1     0000d352  _XINT3_ISR                      
1     0000d35c  _XINT4_ISR                      
1     0000d366  _XINT5_ISR                      
1     0000d370  _XINT6_ISR                      
1     0000d37a  _XINT7_ISR                      
1     00007070  _XIntruptRegs                   
1     00000b20  _XintfRegs                      
0     00200300  __STACK_END                     
abs   00000300  __STACK_SIZE                    
abs   00000400  __SYSMEM_SIZE                   
1     0000f4c2  ___TI_cleanup_ptr               
1     0000f4c4  ___TI_dtors_ptr                 
1     0000f4c0  ___TI_enable_exit_profile_output
1     0000d610  ___TI_heap_check                
1     0000d5f3  ___TI_heap_largest_available    
1     0000d5d6  ___TI_heap_total_available      
abs   ffffffff  ___TI_pprof_out_hndl            
1     0000cb52  ___TI_printfi                   
abs   ffffffff  ___TI_prof_data_size            
abs   ffffffff  ___TI_prof_data_start           
abs   ffffffff  ___binit__                      
abs   ffffffff  ___c_args__                     
0     00008000  ___cinit__                      
1     0000e648  ___etext__                      
abs   ffffffff  ___pinit__                      
1     0000c000  ___text__                       
1     0000e590  __args_main                     
1     0000edf8  __ctypes_                       
1     0000f4ce  __lock                          
1     0000e613  __nop                           
1     0000e60f  __register_lock                 
1     0000e60b  __register_unlock               
0     00200000  __stack                         
1     0000f08e  __sys_memory                    
1     0000e647  __system_post_cinit             
1     0000e645  __system_pre_init               
1     0000f4d0  __unlock                        
1     0000e406  _abort                          
1     0000d541  _aligned_alloc                  
1     0000e351  _atoi                           
1     0000e23a  _c_int00                        
1     0000d51a  _calloc                         
1     0000e47c  _copy_in                        
1     0000e457  _copysignl                      
1     0000e316  _delay                          
1     0000f4a8  _dir                            
1     0000dd81  _display_all                    
1     0000f4d2  _errno                          
1     0000e408  _exit                           
1     0000d3d7  _free                           
1     0000e1e0  _frexpl                         
1     0000dacb  _i2c_init                       
1     0000dacf  _i2c_new_bus                    
1     0000d9ef  _i2c_start                      
1     0000d9f5  _i2c_stop                       
1     0000da72  _i2c_wait_ack                   
1     0000da8f  _i2c_wait_to_ack                
1     0000d9fb  _i2c_write_byte                 
1     0000da02  _i2c_write_command              
1     0000da3a  _i2c_write_data                 
1     0000e309  _ldelay                         
1     0000dea0  _ldexpl                         
1     0000e382  _ltoa                           
1     0000dd0d  _main                           
1     0000d3ac  _malloc                         
1     0000d541  _memalign                       
1     0000e5e6  _memccpy                        
1     0000e53b  _memcpy                         
1     0000e5f3  _memset                         
1     0000d516  _minit                          
1     0000f4a9  _mode                           
1     0000f4ac  _oled                           
1     0000ce37  _oled_clear                     
1     0000ce1b  _oled_display_off               
1     0000cdff  _oled_display_on                
1     0000d092  _oled_init                      
1     0000cf8d  _oled_init_device               
1     0000cce3  _oled_new_dev                   
1     0000cf89  _oled_pin_init                  
1     0000cebe  _oled_pow                       
1     0000cddb  _oled_set_pos                   
1     0000ce6c  _oled_showchar                  
1     0000cf38  _oled_showchinese               
1     0000ced1  _oled_shownum                   
1     0000cf18  _oled_showstring                
1     0000cdc3  _oled_wr_byte                   
1     0000cd43  _oled_write_command             
1     0000cd83  _oled_write_data                
1     0000f4aa  _part_mode                      
1     0000f4b0  _rdataA                         
1     0000d49e  _realloc                        
1     0000f4ab  _refresh                        
1     0000d3a2  _rsvd_ISR                       
1     0000f4d3  _rx_count                       
1     0000f4b8  _sForward                       
1     0000dea0  _scalbnl                        
1     0000e0f8  _sciaRxFifoIsr                  
1     0000de5d  _scia_fifo_init                 
1     0000de08  _scia_msg                       
1     0000ddfa  _scia_xmit                      
1     0000e133  _scibRxFifoIsr                  
1     0000de73  _scib_fifo_init                 
1     0000de29  _scib_msg                       
1     0000de1b  _scib_xmit                      
1     0000e150  _scicRxFifoIsr                  
1     0000de89  _scic_fifo_init                 
1     0000de4a  _scic_msg                       
1     0000de3c  _scic_xmit                      
1     0000f4a7  _speed                          
1     0000e31f  _sprintf                        
1     0000e5ff  _strchr                         
1     0000e63d  _strcpy                         
1     0000e62e  _strlen                         
1     0000d612  _t0Isr                          
1     0000f4ae  _temp                           
1     0000e61d  _wcslen                         
abs   ffffffff  binit                           
0     00008000  cinit                           
0     00000000  code_start                      
1     0000e648  etext                           
abs   ffffffff  pinit                           


GLOBAL SYMBOLS: SORTED BY Symbol Address 

page  address   name                            
----  -------   ----                            
0     00000000  code_start                      
0     00008000  ___cinit__                      
0     00008000  cinit                           
0     00008045  _DSP28x_usDelay                 
0     00200000  __stack                         
0     00200300  __STACK_END                     
0     00380080  _ADC_cal                        
1     00000880  _DevEmuRegs                     
1     00000a80  _FlashRegs                      
1     00000ae0  _CsmRegs                        
1     00000b00  _AdcMirror                      
1     00000b20  _XintfRegs                      
1     00000c00  _CpuTimer0Regs                  
1     00000c08  _CpuTimer1Regs                  
1     00000c10  _CpuTimer2Regs                  
1     00000ce0  _PieCtrlRegs                    
1     00000d00  _PieVectTable                   
1     00001000  _DmaRegs                        
1     00005000  _McbspaRegs                     
1     00005040  _McbspbRegs                     
1     00006000  _ECanaRegs                      
1     00006040  _ECanaLAMRegs                   
1     00006080  _ECanaMOTSRegs                  
1     000060c0  _ECanaMOTORegs                  
1     00006100  _ECanaMboxes                    
1     00006200  _ECanbRegs                      
1     00006240  _ECanbLAMRegs                   
1     00006280  _ECanbMOTSRegs                  
1     000062c0  _ECanbMOTORegs                  
1     00006300  _ECanbMboxes                    
1     00006800  _EPwm1Regs                      
1     00006840  _EPwm2Regs                      
1     00006880  _EPwm3Regs                      
1     000068c0  _EPwm4Regs                      
1     00006900  _EPwm5Regs                      
1     00006940  _EPwm6Regs                      
1     00006a00  _ECap1Regs                      
1     00006a20  _ECap2Regs                      
1     00006a40  _ECap3Regs                      
1     00006a60  _ECap4Regs                      
1     00006a80  _ECap5Regs                      
1     00006aa0  _ECap6Regs                      
1     00006b00  _EQep1Regs                      
1     00006b40  _EQep2Regs                      
1     00006f80  _GpioCtrlRegs                   
1     00006fc0  _GpioDataRegs                   
1     00006fe0  _GpioIntRegs                    
1     00007010  _SysCtrlRegs                    
1     00007040  _SpiaRegs                       
1     00007050  _SciaRegs                       
1     00007070  _XIntruptRegs                   
1     00007100  _AdcRegs                        
1     00007750  _ScibRegs                       
1     00007770  _ScicRegs                       
1     00007900  _I2caRegs                       
1     0000c000  .text                           
1     0000c000  ___text__                       
1     0000cb52  ___TI_printfi                   
1     0000cce3  _oled_new_dev                   
1     0000cd43  _oled_write_command             
1     0000cd83  _oled_write_data                
1     0000cdc3  _oled_wr_byte                   
1     0000cddb  _oled_set_pos                   
1     0000cdff  _oled_display_on                
1     0000ce1b  _oled_display_off               
1     0000ce37  _oled_clear                     
1     0000ce6c  _oled_showchar                  
1     0000cebe  _oled_pow                       
1     0000ced1  _oled_shownum                   
1     0000cf18  _oled_showstring                
1     0000cf38  _oled_showchinese               
1     0000cf89  _oled_pin_init                  
1     0000cf8d  _oled_init_device               
1     0000d092  _oled_init                      
1     0000d096  _INT13_ISR                      
1     0000d0a0  _INT14_ISR                      
1     0000d0aa  _DATALOG_ISR                    
1     0000d0b4  _RTOSINT_ISR                    
1     0000d0be  _EMUINT_ISR                     
1     0000d0c8  _NMI_ISR                        
1     0000d0d2  _ILLEGAL_ISR                    
1     0000d0dc  _USER1_ISR                      
1     0000d0e6  _USER2_ISR                      
1     0000d0f0  _USER3_ISR                      
1     0000d0fa  _USER4_ISR                      
1     0000d104  _USER5_ISR                      
1     0000d10e  _USER6_ISR                      
1     0000d118  _USER7_ISR                      
1     0000d122  _USER8_ISR                      
1     0000d12c  _USER9_ISR                      
1     0000d136  _USER10_ISR                     
1     0000d140  _USER11_ISR                     
1     0000d14a  _USER12_ISR                     
1     0000d154  _SEQ1INT_ISR                    
1     0000d15e  _SEQ2INT_ISR                    
1     0000d168  _XINT1_ISR                      
1     0000d172  _XINT2_ISR                      
1     0000d17c  _ADCINT_ISR                     
1     0000d186  _TINT0_ISR                      
1     0000d190  _WAKEINT_ISR                    
1     0000d19a  _EPWM1_TZINT_ISR                
1     0000d1a4  _EPWM2_TZINT_ISR                
1     0000d1ae  _EPWM3_TZINT_ISR                
1     0000d1b8  _EPWM4_TZINT_ISR                
1     0000d1c2  _EPWM5_TZINT_ISR                
1     0000d1cc  _EPWM6_TZINT_ISR                
1     0000d1d6  _EPWM1_INT_ISR                  
1     0000d1e0  _EPWM2_INT_ISR                  
1     0000d1ea  _EPWM3_INT_ISR                  
1     0000d1f4  _EPWM4_INT_ISR                  
1     0000d1fe  _EPWM5_INT_ISR                  
1     0000d208  _EPWM6_INT_ISR                  
1     0000d212  _ECAP1_INT_ISR                  
1     0000d21c  _ECAP2_INT_ISR                  
1     0000d226  _ECAP3_INT_ISR                  
1     0000d230  _ECAP4_INT_ISR                  
1     0000d23a  _ECAP5_INT_ISR                  
1     0000d244  _ECAP6_INT_ISR                  
1     0000d24e  _EQEP1_INT_ISR                  
1     0000d258  _EQEP2_INT_ISR                  
1     0000d262  _SPIRXINTA_ISR                  
1     0000d26c  _SPITXINTA_ISR                  
1     0000d276  _MRINTB_ISR                     
1     0000d280  _MXINTB_ISR                     
1     0000d28a  _MRINTA_ISR                     
1     0000d294  _MXINTA_ISR                     
1     0000d29e  _DINTCH1_ISR                    
1     0000d2a8  _DINTCH2_ISR                    
1     0000d2b2  _DINTCH3_ISR                    
1     0000d2bc  _DINTCH4_ISR                    
1     0000d2c6  _DINTCH5_ISR                    
1     0000d2d0  _DINTCH6_ISR                    
1     0000d2da  _I2CINT1A_ISR                   
1     0000d2e4  _I2CINT2A_ISR                   
1     0000d2ee  _SCIRXINTC_ISR                  
1     0000d2f8  _SCITXINTC_ISR                  
1     0000d302  _SCIRXINTA_ISR                  
1     0000d30c  _SCITXINTA_ISR                  
1     0000d316  _SCIRXINTB_ISR                  
1     0000d320  _SCITXINTB_ISR                  
1     0000d32a  _ECAN0INTA_ISR                  
1     0000d334  _ECAN1INTA_ISR                  
1     0000d33e  _ECAN0INTB_ISR                  
1     0000d348  _ECAN1INTB_ISR                  
1     0000d352  _XINT3_ISR                      
1     0000d35c  _XINT4_ISR                      
1     0000d366  _XINT5_ISR                      
1     0000d370  _XINT6_ISR                      
1     0000d37a  _XINT7_ISR                      
1     0000d384  _LVF_ISR                        
1     0000d38e  _LUF_ISR                        
1     0000d398  _PIE_RESERVED                   
1     0000d3a2  _rsvd_ISR                       
1     0000d3ac  _malloc                         
1     0000d3d7  _free                           
1     0000d49e  _realloc                        
1     0000d516  _minit                          
1     0000d51a  _calloc                         
1     0000d541  _aligned_alloc                  
1     0000d541  _memalign                       
1     0000d5d6  ___TI_heap_total_available      
1     0000d5f3  ___TI_heap_largest_available    
1     0000d610  ___TI_heap_check                
1     0000d612  _t0Isr                          
1     0000d83b  _BL_VOID_I2cSendStart           
1     0000d860  _BL_VOID_I2cSendStop            
1     0000d881  _BL_VOID_I2cTransmit            
1     0000d8bd  _BL_UINT16_I2cReceive           
1     0000d8fc  _BL_UINT16_I2cSlaveAck          
1     0000d932  _BL_VOID_I2cSendAck             
1     0000d95c  _BL_VOID_I2cSendNack            
1     0000d97a  _API_UINT16_I2cByteWrite        
1     0000d9b2  _API_UINT16_I2cByteRead         
1     0000d9ef  _i2c_start                      
1     0000d9f5  _i2c_stop                       
1     0000d9fb  _i2c_write_byte                 
1     0000da02  _i2c_write_command              
1     0000da3a  _i2c_write_data                 
1     0000da72  _i2c_wait_ack                   
1     0000da8f  _i2c_wait_to_ack                
1     0000dacb  _i2c_init                       
1     0000dacf  _i2c_new_bus                    
1     0000db0e  LL$$DIV                         
1     0000db4a  LL$$MOD                         
1     0000db84  ULL$$DIV                        
1     0000dbb3  ULL$$MOD                        
1     0000dc15  _InitSysCtrl                    
1     0000dc1e  _ServiceDog                     
1     0000dc28  _DisableDog                     
1     0000dc30  _InitPll                        
1     0000dc81  _InitPeripheralClocks           
1     0000dcdc  _CsmUnlock                      
1     0000dd0d  _main                           
1     0000dd81  _display_all                    
1     0000ddd3  _GPIO_INIT                      
1     0000ddf1  _SCI_INIT                       
1     0000ddfa  _scia_xmit                      
1     0000de08  _scia_msg                       
1     0000de1b  _scib_xmit                      
1     0000de29  _scib_msg                       
1     0000de3c  _scic_xmit                      
1     0000de4a  _scic_msg                       
1     0000de5d  _scia_fifo_init                 
1     0000de73  _scib_fifo_init                 
1     0000de89  _scic_fifo_init                 
1     0000dea0  _ldexpl                         
1     0000dea0  _scalbnl                        
1     0000df4e  FD$$ADD                         
1     0000dfea  FD$$DIV                         
1     0000e075  FD$$MPY                         
1     0000e0f8  _sciaRxFifoIsr                  
1     0000e133  _scibRxFifoIsr                  
1     0000e150  _scicRxFifoIsr                  
1     0000e16d  _InitCpuTimers                  
1     0000e1a6  _ConfigCpuTimer                 
1     0000e1e0  _frexpl                         
1     0000e23a  _c_int00                        
1     0000e290  _InitSci                        
1     0000e293  _InitSciGpio                    
1     0000e29a  _InitSciaGpio                   
1     0000e2b2  _InitScibGpio                   
1     0000e2c8  _InitScicGpio                   
1     0000e2de  _Delay_us                       
1     0000e2eb  _Delay_ms                       
1     0000e2fa  _Delay_s                        
1     0000e309  _ldelay                         
1     0000e316  _delay                          
1     0000e31f  _sprintf                        
1     0000e351  _atoi                           
1     0000e382  _ltoa                           
1     0000e3b2  FD$$CMP                         
1     0000e3dc  L$$DIV                          
1     0000e3eb  L$$MOD                          
1     0000e3f9  UL$$DIV                         
1     0000e400  UL$$MOD                         
1     0000e406  C$$EXIT                         
1     0000e406  _abort                          
1     0000e408  _exit                           
1     0000e42f  _InitPieCtrl                    
1     0000e44e  _EnableInterrupts               
1     0000e457  _copysignl                      
1     0000e47c  _copy_in                        
1     0000e4a0  FD$$TOI                         
1     0000e4c1  _InitPieVectTable               
1     0000e4e1  FD$$TOL                         
1     0000e500  LL$$CMP                         
1     0000e512  ULL$$CMP                        
1     0000e51e  I$$TOFD                         
1     0000e53b  _memcpy                         
1     0000e558  FS$$TOFD                        
1     0000e574  L$$TOFD                         
1     0000e590  __args_main                     
1     0000e5a9  LL$$AND                         
1     0000e5b1  LL$$OR                          
1     0000e5b9  LL$$XOR                         
1     0000e5c1  _InitGpio                       
1     0000e5d8  FD$$SUB                         
1     0000e5e6  _memccpy                        
1     0000e5f3  _memset                         
1     0000e5ff  _strchr                         
1     0000e60b  __register_unlock               
1     0000e60f  __register_lock                 
1     0000e613  __nop                           
1     0000e614  FD$$NEG                         
1     0000e61d  _wcslen                         
1     0000e62e  _strlen                         
1     0000e636  _DSP28x_DisableInt              
1     0000e63a  _DSP28x_RestoreInt              
1     0000e63d  _strcpy                         
1     0000e642  _SetDBGIER                      
1     0000e645  __system_pre_init               
1     0000e647  __system_post_cinit             
1     0000e648  _F8X16                          
1     0000e648  ___etext__                      
1     0000e648  etext                           
1     0000ec38  _Hzk                            
1     0000edf8  __ctypes_                       
1     0000eefa  _PieVectTableInit               
1     0000f08e  __sys_memory                    
1     0000f48e  _CpuTimer0                      
1     0000f496  _CpuTimer1                      
1     0000f49e  _CpuTimer2                      
1     0000f4a6  _KeyRec                         
1     0000f4a7  _speed                          
1     0000f4a8  _dir                            
1     0000f4a9  _mode                           
1     0000f4aa  _part_mode                      
1     0000f4ab  _refresh                        
1     0000f4ac  _oled                           
1     0000f4ae  _temp                           
1     0000f4b0  _rdataA                         
1     0000f4b8  _sForward                       
1     0000f4c0  ___TI_enable_exit_profile_output
1     0000f4c2  ___TI_cleanup_ptr               
1     0000f4c4  ___TI_dtors_ptr                 
1     0000f4c6  _Forward                        
1     0000f4ce  __lock                          
1     0000f4d0  __unlock                        
1     0000f4d2  _errno                          
1     0000f4d3  _rx_count                       
1     0033fff8  _CsmPwl                         
1     00380090  _PartIdRegs                     
abs   00000300  __STACK_SIZE                    
abs   00000400  __SYSMEM_SIZE                   
abs   ffffffff  ___TI_pprof_out_hndl            
abs   ffffffff  ___TI_prof_data_size            
abs   ffffffff  ___TI_prof_data_start           
abs   ffffffff  ___binit__                      
abs   ffffffff  ___c_args__                     
abs   ffffffff  ___pinit__                      
abs   ffffffff  binit                           
abs   ffffffff  pinit                           

[312 symbols]
