<?xml version="1.0" encoding="ISO-8859-1" ?>
<link_info>
   <banner>TMS320C2000 Linker PC v18.12.1.LTS</banner>
   <copyright>Copyright (c) 1996-2018 Texas Instruments Incorporated</copyright>
   <link_time>0x5ccac5e8</link_time>
   <link_errors>0x0</link_errors>
   <output_file>C17_STEP_MOTOR_OLED_KEY_F2833x_CCSV9_0.out</output_file>
   <entry_point>
      <name>_c_int00</name>
      <address>0xe23a</address>
   </entry_point>
   <input_file_list>
      <input_file id="fl-2">
         <path>.\DSP2833x_common\source\</path>
         <kind>object</kind>
         <file>DSP2833x_ADC_cal.obj</file>
         <name>DSP2833x_ADC_cal.obj</name>
      </input_file>
      <input_file id="fl-3">
         <path>.\DSP2833x_common\source\</path>
         <kind>object</kind>
         <file>DSP2833x_Adc.obj</file>
         <name>DSP2833x_Adc.obj</name>
      </input_file>
      <input_file id="fl-4">
         <path>.\DSP2833x_common\source\</path>
         <kind>object</kind>
         <file>DSP2833x_CodeStartBranch.obj</file>
         <name>DSP2833x_CodeStartBranch.obj</name>
      </input_file>
      <input_file id="fl-5">
         <path>.\DSP2833x_common\source\</path>
         <kind>object</kind>
         <file>DSP2833x_CpuTimers.obj</file>
         <name>DSP2833x_CpuTimers.obj</name>
      </input_file>
      <input_file id="fl-6">
         <path>.\DSP2833x_common\source\</path>
         <kind>object</kind>
         <file>DSP2833x_DBGIER.obj</file>
         <name>DSP2833x_DBGIER.obj</name>
      </input_file>
      <input_file id="fl-7">
         <path>.\DSP2833x_common\source\</path>
         <kind>object</kind>
         <file>DSP2833x_DMA.obj</file>
         <name>DSP2833x_DMA.obj</name>
      </input_file>
      <input_file id="fl-8">
         <path>.\DSP2833x_common\source\</path>
         <kind>object</kind>
         <file>DSP2833x_DefaultIsr.obj</file>
         <name>DSP2833x_DefaultIsr.obj</name>
      </input_file>
      <input_file id="fl-9">
         <path>.\DSP2833x_common\source\</path>
         <kind>object</kind>
         <file>DSP2833x_DisInt.obj</file>
         <name>DSP2833x_DisInt.obj</name>
      </input_file>
      <input_file id="fl-a">
         <path>.\DSP2833x_common\source\</path>
         <kind>object</kind>
         <file>DSP2833x_ECan.obj</file>
         <name>DSP2833x_ECan.obj</name>
      </input_file>
      <input_file id="fl-b">
         <path>.\DSP2833x_common\source\</path>
         <kind>object</kind>
         <file>DSP2833x_ECap.obj</file>
         <name>DSP2833x_ECap.obj</name>
      </input_file>
      <input_file id="fl-c">
         <path>.\DSP2833x_common\source\</path>
         <kind>object</kind>
         <file>DSP2833x_EPwm.obj</file>
         <name>DSP2833x_EPwm.obj</name>
      </input_file>
      <input_file id="fl-d">
         <path>.\DSP2833x_common\source\</path>
         <kind>object</kind>
         <file>DSP2833x_EQep.obj</file>
         <name>DSP2833x_EQep.obj</name>
      </input_file>
      <input_file id="fl-e">
         <path>.\DSP2833x_common\source\</path>
         <kind>object</kind>
         <file>DSP2833x_Gpio.obj</file>
         <name>DSP2833x_Gpio.obj</name>
      </input_file>
      <input_file id="fl-f">
         <path>.\DSP2833x_common\source\</path>
         <kind>object</kind>
         <file>DSP2833x_I2C.obj</file>
         <name>DSP2833x_I2C.obj</name>
      </input_file>
      <input_file id="fl-10">
         <path>.\DSP2833x_common\source\</path>
         <kind>object</kind>
         <file>DSP2833x_Mcbsp.obj</file>
         <name>DSP2833x_Mcbsp.obj</name>
      </input_file>
      <input_file id="fl-11">
         <path>.\DSP2833x_common\source\</path>
         <kind>object</kind>
         <file>DSP2833x_MemCopy.obj</file>
         <name>DSP2833x_MemCopy.obj</name>
      </input_file>
      <input_file id="fl-12">
         <path>.\DSP2833x_common\source\</path>
         <kind>object</kind>
         <file>DSP2833x_PieCtrl.obj</file>
         <name>DSP2833x_PieCtrl.obj</name>
      </input_file>
      <input_file id="fl-13">
         <path>.\DSP2833x_common\source\</path>
         <kind>object</kind>
         <file>DSP2833x_PieVect.obj</file>
         <name>DSP2833x_PieVect.obj</name>
      </input_file>
      <input_file id="fl-14">
         <path>.\DSP2833x_common\source\</path>
         <kind>object</kind>
         <file>DSP2833x_Sci.obj</file>
         <name>DSP2833x_Sci.obj</name>
      </input_file>
      <input_file id="fl-15">
         <path>.\DSP2833x_common\source\</path>
         <kind>object</kind>
         <file>DSP2833x_Spi.obj</file>
         <name>DSP2833x_Spi.obj</name>
      </input_file>
      <input_file id="fl-16">
         <path>.\DSP2833x_common\source\</path>
         <kind>object</kind>
         <file>DSP2833x_SysCtrl.obj</file>
         <name>DSP2833x_SysCtrl.obj</name>
      </input_file>
      <input_file id="fl-17">
         <path>.\DSP2833x_common\source\</path>
         <kind>object</kind>
         <file>DSP2833x_Xintf.obj</file>
         <name>DSP2833x_Xintf.obj</name>
      </input_file>
      <input_file id="fl-18">
         <path>.\DSP2833x_common\source\</path>
         <kind>object</kind>
         <file>DSP2833x_usDelay.obj</file>
         <name>DSP2833x_usDelay.obj</name>
      </input_file>
      <input_file id="fl-19">
         <path>.\DSP2833x_headers\source\</path>
         <kind>object</kind>
         <file>DSP2833x_GlobalVariableDefs.obj</file>
         <name>DSP2833x_GlobalVariableDefs.obj</name>
      </input_file>
      <input_file id="fl-1a">
         <path>.\src\</path>
         <kind>object</kind>
         <file>EEP_Delay.obj</file>
         <name>EEP_Delay.obj</name>
      </input_file>
      <input_file id="fl-1b">
         <path>.\src\</path>
         <kind>object</kind>
         <file>EEP_IIC.obj</file>
         <name>EEP_IIC.obj</name>
      </input_file>
      <input_file id="fl-1c">
         <path>.\src\</path>
         <kind>object</kind>
         <file>iic.obj</file>
         <name>iic.obj</name>
      </input_file>
      <input_file id="fl-1d">
         <path>.\src\</path>
         <kind>object</kind>
         <file>main.obj</file>
         <name>main.obj</name>
      </input_file>
      <input_file id="fl-1e">
         <path>.\src\</path>
         <kind>object</kind>
         <file>motor.obj</file>
         <name>motor.obj</name>
      </input_file>
      <input_file id="fl-1f">
         <path>.\src\</path>
         <kind>object</kind>
         <file>oled.obj</file>
         <name>oled.obj</name>
      </input_file>
      <input_file id="fl-20">
         <path>.\src\</path>
         <kind>object</kind>
         <file>sci.obj</file>
         <name>sci.obj</name>
      </input_file>
      <input_file id="fl-26">
         <kind>object</kind>
         <file>&lt;internal&gt;</file>
         <name>&lt;internal&gt;</name>
      </input_file>
      <input_file id="fl-32">
         <path>C:\opt\ti\ccs9\ccs\tools\compiler\ti-cgt-c2000_18.12.1.LTS\lib\</path>
         <kind>archive</kind>
         <file>rts2800_fpu32.lib</file>
         <name>sprintf.c.obj</name>
      </input_file>
      <input_file id="fl-33">
         <path>C:\opt\ti\ccs9\ccs\tools\compiler\ti-cgt-c2000_18.12.1.LTS\lib\</path>
         <kind>archive</kind>
         <file>rts2800_fpu32.lib</file>
         <name>boot28.asm.obj</name>
      </input_file>
      <input_file id="fl-34">
         <path>C:\opt\ti\ccs9\ccs\tools\compiler\ti-cgt-c2000_18.12.1.LTS\lib\</path>
         <kind>archive</kind>
         <file>rts2800_fpu32.lib</file>
         <name>cpy_tbl.c.obj</name>
      </input_file>
      <input_file id="fl-35">
         <path>C:\opt\ti\ccs9\ccs\tools\compiler\ti-cgt-c2000_18.12.1.LTS\lib\</path>
         <kind>archive</kind>
         <file>rts2800_fpu32.lib</file>
         <name>memcpy.c.obj</name>
      </input_file>
      <input_file id="fl-36">
         <path>C:\opt\ti\ccs9\ccs\tools\compiler\ti-cgt-c2000_18.12.1.LTS\lib\</path>
         <kind>archive</kind>
         <file>rts2800_fpu32.lib</file>
         <name>pre_init.c.obj</name>
      </input_file>
      <input_file id="fl-37">
         <path>C:\opt\ti\ccs9\ccs\tools\compiler\ti-cgt-c2000_18.12.1.LTS\lib\</path>
         <kind>archive</kind>
         <file>rts2800_fpu32.lib</file>
         <name>startup.c.obj</name>
      </input_file>
      <input_file id="fl-38">
         <path>C:\opt\ti\ccs9\ccs\tools\compiler\ti-cgt-c2000_18.12.1.LTS\lib\</path>
         <kind>archive</kind>
         <file>rts2800_fpu32.lib</file>
         <name>exit.c.obj</name>
      </input_file>
      <input_file id="fl-39">
         <path>C:\opt\ti\ccs9\ccs\tools\compiler\ti-cgt-c2000_18.12.1.LTS\lib\</path>
         <kind>archive</kind>
         <file>rts2800_fpu32.lib</file>
         <name>_lock.c.obj</name>
      </input_file>
      <input_file id="fl-3a">
         <path>C:\opt\ti\ccs9\ccs\tools\compiler\ti-cgt-c2000_18.12.1.LTS\lib\</path>
         <kind>archive</kind>
         <file>rts2800_fpu32.lib</file>
         <name>args_main.c.obj</name>
      </input_file>
      <input_file id="fl-3b">
         <path>C:\opt\ti\ccs9\ccs\tools\compiler\ti-cgt-c2000_18.12.1.LTS\lib\</path>
         <kind>archive</kind>
         <file>rts2800_fpu32.lib</file>
         <name>memory.c.obj</name>
      </input_file>
      <input_file id="fl-3c">
         <path>C:\opt\ti\ccs9\ccs\tools\compiler\ti-cgt-c2000_18.12.1.LTS\lib\</path>
         <kind>archive</kind>
         <file>rts2800_fpu32.lib</file>
         <name>memset.c.obj</name>
      </input_file>
      <input_file id="fl-3d">
         <path>C:\opt\ti\ccs9\ccs\tools\compiler\ti-cgt-c2000_18.12.1.LTS\lib\</path>
         <kind>archive</kind>
         <file>rts2800_fpu32.lib</file>
         <name>_printfi.c.obj</name>
      </input_file>
      <input_file id="fl-3e">
         <path>C:\opt\ti\ccs9\ccs\tools\compiler\ti-cgt-c2000_18.12.1.LTS\lib\</path>
         <kind>archive</kind>
         <file>rts2800_fpu32.lib</file>
         <name>fd_cmp28.asm.obj</name>
      </input_file>
      <input_file id="fl-3f">
         <path>C:\opt\ti\ccs9\ccs\tools\compiler\ti-cgt-c2000_18.12.1.LTS\lib\</path>
         <kind>archive</kind>
         <file>rts2800_fpu32.lib</file>
         <name>fd_mpy28.asm.obj</name>
      </input_file>
      <input_file id="fl-40">
         <path>C:\opt\ti\ccs9\ccs\tools\compiler\ti-cgt-c2000_18.12.1.LTS\lib\</path>
         <kind>archive</kind>
         <file>rts2800_fpu32.lib</file>
         <name>fd_neg28.asm.obj</name>
      </input_file>
      <input_file id="fl-41">
         <path>C:\opt\ti\ccs9\ccs\tools\compiler\ti-cgt-c2000_18.12.1.LTS\lib\</path>
         <kind>archive</kind>
         <file>rts2800_fpu32.lib</file>
         <name>fd_sub28.asm.obj</name>
      </input_file>
      <input_file id="fl-42">
         <path>C:\opt\ti\ccs9\ccs\tools\compiler\ti-cgt-c2000_18.12.1.LTS\lib\</path>
         <kind>archive</kind>
         <file>rts2800_fpu32.lib</file>
         <name>fd_toi28.asm.obj</name>
      </input_file>
      <input_file id="fl-43">
         <path>C:\opt\ti\ccs9\ccs\tools\compiler\ti-cgt-c2000_18.12.1.LTS\lib\</path>
         <kind>archive</kind>
         <file>rts2800_fpu32.lib</file>
         <name>fd_tol28.asm.obj</name>
      </input_file>
      <input_file id="fl-44">
         <path>C:\opt\ti\ccs9\ccs\tools\compiler\ti-cgt-c2000_18.12.1.LTS\lib\</path>
         <kind>archive</kind>
         <file>rts2800_fpu32.lib</file>
         <name>ll_aox28.asm.obj</name>
      </input_file>
      <input_file id="fl-45">
         <path>C:\opt\ti\ccs9\ccs\tools\compiler\ti-cgt-c2000_18.12.1.LTS\lib\</path>
         <kind>archive</kind>
         <file>rts2800_fpu32.lib</file>
         <name>ll_cmp28.asm.obj</name>
      </input_file>
      <input_file id="fl-46">
         <path>C:\opt\ti\ccs9\ccs\tools\compiler\ti-cgt-c2000_18.12.1.LTS\lib\</path>
         <kind>archive</kind>
         <file>rts2800_fpu32.lib</file>
         <name>ll_div28.asm.obj</name>
      </input_file>
      <input_file id="fl-47">
         <path>C:\opt\ti\ccs9\ccs\tools\compiler\ti-cgt-c2000_18.12.1.LTS\lib\</path>
         <kind>archive</kind>
         <file>rts2800_fpu32.lib</file>
         <name>i_tofd28.asm.obj</name>
      </input_file>
      <input_file id="fl-48">
         <path>C:\opt\ti\ccs9\ccs\tools\compiler\ti-cgt-c2000_18.12.1.LTS\lib\</path>
         <kind>archive</kind>
         <file>rts2800_fpu32.lib</file>
         <name>l_tofd28.asm.obj</name>
      </input_file>
      <input_file id="fl-49">
         <path>C:\opt\ti\ccs9\ccs\tools\compiler\ti-cgt-c2000_18.12.1.LTS\lib\</path>
         <kind>archive</kind>
         <file>rts2800_fpu32.lib</file>
         <name>fs_tofdfpu32.asm.obj</name>
      </input_file>
      <input_file id="fl-4a">
         <path>C:\opt\ti\ccs9\ccs\tools\compiler\ti-cgt-c2000_18.12.1.LTS\lib\</path>
         <kind>archive</kind>
         <file>rts2800_fpu32.lib</file>
         <name>fd_div28.asm.obj</name>
      </input_file>
      <input_file id="fl-4b">
         <path>C:\opt\ti\ccs9\ccs\tools\compiler\ti-cgt-c2000_18.12.1.LTS\lib\</path>
         <kind>archive</kind>
         <file>rts2800_fpu32.lib</file>
         <name>atoi.c.obj</name>
      </input_file>
      <input_file id="fl-4c">
         <path>C:\opt\ti\ccs9\ccs\tools\compiler\ti-cgt-c2000_18.12.1.LTS\lib\</path>
         <kind>archive</kind>
         <file>rts2800_fpu32.lib</file>
         <name>ctype.c.obj</name>
      </input_file>
      <input_file id="fl-4d">
         <path>C:\opt\ti\ccs9\ccs\tools\compiler\ti-cgt-c2000_18.12.1.LTS\lib\</path>
         <kind>archive</kind>
         <file>rts2800_fpu32.lib</file>
         <name>ltoa.c.obj</name>
      </input_file>
      <input_file id="fl-4e">
         <path>C:\opt\ti\ccs9\ccs\tools\compiler\ti-cgt-c2000_18.12.1.LTS\lib\</path>
         <kind>archive</kind>
         <file>rts2800_fpu32.lib</file>
         <name>memccpy.c.obj</name>
      </input_file>
      <input_file id="fl-4f">
         <path>C:\opt\ti\ccs9\ccs\tools\compiler\ti-cgt-c2000_18.12.1.LTS\lib\</path>
         <kind>archive</kind>
         <file>rts2800_fpu32.lib</file>
         <name>strchr.c.obj</name>
      </input_file>
      <input_file id="fl-50">
         <path>C:\opt\ti\ccs9\ccs\tools\compiler\ti-cgt-c2000_18.12.1.LTS\lib\</path>
         <kind>archive</kind>
         <file>rts2800_fpu32.lib</file>
         <name>strcpy.c.obj</name>
      </input_file>
      <input_file id="fl-51">
         <path>C:\opt\ti\ccs9\ccs\tools\compiler\ti-cgt-c2000_18.12.1.LTS\lib\</path>
         <kind>archive</kind>
         <file>rts2800_fpu32.lib</file>
         <name>strlen.c.obj</name>
      </input_file>
      <input_file id="fl-52">
         <path>C:\opt\ti\ccs9\ccs\tools\compiler\ti-cgt-c2000_18.12.1.LTS\lib\</path>
         <kind>archive</kind>
         <file>rts2800_fpu32.lib</file>
         <name>wcslen.c.obj</name>
      </input_file>
      <input_file id="fl-53">
         <path>C:\opt\ti\ccs9\ccs\tools\compiler\ti-cgt-c2000_18.12.1.LTS\lib\</path>
         <kind>archive</kind>
         <file>rts2800_fpu32.lib</file>
         <name>s_frexp.c.obj</name>
      </input_file>
      <input_file id="fl-54">
         <path>C:\opt\ti\ccs9\ccs\tools\compiler\ti-cgt-c2000_18.12.1.LTS\lib\</path>
         <kind>archive</kind>
         <file>rts2800_fpu32.lib</file>
         <name>s_scalbn.c.obj</name>
      </input_file>
      <input_file id="fl-55">
         <path>C:\opt\ti\ccs9\ccs\tools\compiler\ti-cgt-c2000_18.12.1.LTS\lib\</path>
         <kind>archive</kind>
         <file>rts2800_fpu32.lib</file>
         <name>s_copysign.c.obj</name>
      </input_file>
      <input_file id="fl-56">
         <path>C:\opt\ti\ccs9\ccs\tools\compiler\ti-cgt-c2000_18.12.1.LTS\lib\</path>
         <kind>archive</kind>
         <file>rts2800_fpu32.lib</file>
         <name>fd_add28.asm.obj</name>
      </input_file>
      <input_file id="fl-57">
         <path>C:\opt\ti\ccs9\ccs\tools\compiler\ti-cgt-c2000_18.12.1.LTS\lib\</path>
         <kind>archive</kind>
         <file>rts2800_fpu32.lib</file>
         <name>l_div28.asm.obj</name>
      </input_file>
      <input_file id="fl-58">
         <path>C:\opt\ti\ccs9\ccs\tools\compiler\ti-cgt-c2000_18.12.1.LTS\lib\</path>
         <kind>archive</kind>
         <file>rts2800_fpu32.lib</file>
         <name>errno.c.obj</name>
      </input_file>
   </input_file_list>
   <object_component_list>
      <object_component id="oc-58">
         <name>codestart</name>
         <load_address>0x0</load_address>
         <run_address>0x0</run_address>
         <size>0x2</size>
         <input_file_ref idref="fl-4"/>
      </object_component>
      <object_component id="oc-be">
         <name>ramfuncs</name>
         <load_address>0x8045</load_address>
         <run_address>0x8045</run_address>
         <size>0x4</size>
         <input_file_ref idref="fl-18"/>
      </object_component>
      <object_component id="oc-205">
         <name>.text</name>
         <load_address>0xc000</load_address>
         <run_address>0xc000</run_address>
         <size>0xce3</size>
         <input_file_ref idref="fl-3d"/>
      </object_component>
      <object_component id="oc-1f9">
         <name>.text</name>
         <load_address>0xcce3</load_address>
         <run_address>0xcce3</run_address>
         <size>0x3b3</size>
         <input_file_ref idref="fl-1f"/>
      </object_component>
      <object_component id="oc-6e">
         <name>.text:retain</name>
         <load_address>0xd096</load_address>
         <run_address>0xd096</run_address>
         <size>0x316</size>
         <input_file_ref idref="fl-8"/>
      </object_component>
      <object_component id="oc-200">
         <name>.text</name>
         <load_address>0xd3ac</load_address>
         <run_address>0xd3ac</run_address>
         <size>0x266</size>
         <input_file_ref idref="fl-3b"/>
      </object_component>
      <object_component id="oc-109">
         <name>.text:retain</name>
         <load_address>0xd612</load_address>
         <run_address>0xd612</run_address>
         <size>0x229</size>
         <input_file_ref idref="fl-1d"/>
      </object_component>
      <object_component id="oc-208">
         <name>.text</name>
         <load_address>0xd83b</load_address>
         <run_address>0xd83b</run_address>
         <size>0x1b4</size>
         <input_file_ref idref="fl-1b"/>
      </object_component>
      <object_component id="oc-201">
         <name>.text</name>
         <load_address>0xd9ef</load_address>
         <run_address>0xd9ef</run_address>
         <size>0x11f</size>
         <input_file_ref idref="fl-1c"/>
      </object_component>
      <object_component id="oc-18a">
         <name>.text</name>
         <load_address>0xdb0e</load_address>
         <run_address>0xdb0e</run_address>
         <size>0x107</size>
         <input_file_ref idref="fl-46"/>
      </object_component>
      <object_component id="oc-1f5">
         <name>.text</name>
         <load_address>0xdc15</load_address>
         <run_address>0xdc15</run_address>
         <size>0xf8</size>
         <input_file_ref idref="fl-16"/>
      </object_component>
      <object_component id="oc-1f2">
         <name>.text</name>
         <load_address>0xdd0d</load_address>
         <run_address>0xdd0d</run_address>
         <size>0xe4</size>
         <input_file_ref idref="fl-1d"/>
      </object_component>
      <object_component id="oc-1f8">
         <name>.text</name>
         <load_address>0xddf1</load_address>
         <run_address>0xddf1</run_address>
         <size>0xaf</size>
         <input_file_ref idref="fl-20"/>
      </object_component>
      <object_component id="oc-20d">
         <name>.text</name>
         <load_address>0xdea0</load_address>
         <run_address>0xdea0</run_address>
         <size>0xae</size>
         <input_file_ref idref="fl-54"/>
      </object_component>
      <object_component id="oc-1d9">
         <name>.text</name>
         <load_address>0xdf4e</load_address>
         <run_address>0xdf4e</run_address>
         <size>0x9c</size>
         <input_file_ref idref="fl-56"/>
      </object_component>
      <object_component id="oc-19e">
         <name>.text</name>
         <load_address>0xdfea</load_address>
         <run_address>0xdfea</run_address>
         <size>0x8b</size>
         <input_file_ref idref="fl-4a"/>
      </object_component>
      <object_component id="oc-167">
         <name>.text</name>
         <load_address>0xe075</load_address>
         <run_address>0xe075</run_address>
         <size>0x83</size>
         <input_file_ref idref="fl-3f"/>
      </object_component>
      <object_component id="oc-119">
         <name>.text:retain</name>
         <load_address>0xe0f8</load_address>
         <run_address>0xe0f8</run_address>
         <size>0x75</size>
         <input_file_ref idref="fl-20"/>
      </object_component>
      <object_component id="oc-1f6">
         <name>.text</name>
         <load_address>0xe16d</load_address>
         <run_address>0xe16d</run_address>
         <size>0x73</size>
         <input_file_ref idref="fl-5"/>
      </object_component>
      <object_component id="oc-20c">
         <name>.text</name>
         <load_address>0xe1e0</load_address>
         <run_address>0xe1e0</run_address>
         <size>0x5a</size>
         <input_file_ref idref="fl-53"/>
      </object_component>
      <object_component id="oc-4c">
         <name>.text</name>
         <load_address>0xe23a</load_address>
         <run_address>0xe23a</run_address>
         <size>0x56</size>
         <input_file_ref idref="fl-33"/>
      </object_component>
      <object_component id="oc-1ff">
         <name>.text</name>
         <load_address>0xe290</load_address>
         <run_address>0xe290</run_address>
         <size>0x4e</size>
         <input_file_ref idref="fl-14"/>
      </object_component>
      <object_component id="oc-212">
         <name>.text</name>
         <load_address>0xe2de</load_address>
         <run_address>0xe2de</run_address>
         <size>0x41</size>
         <input_file_ref idref="fl-1a"/>
      </object_component>
      <object_component id="oc-1fc">
         <name>.text</name>
         <load_address>0xe31f</load_address>
         <run_address>0xe31f</run_address>
         <size>0x32</size>
         <input_file_ref idref="fl-32"/>
      </object_component>
      <object_component id="oc-209">
         <name>.text</name>
         <load_address>0xe351</load_address>
         <run_address>0xe351</run_address>
         <size>0x31</size>
         <input_file_ref idref="fl-4b"/>
      </object_component>
      <object_component id="oc-20b">
         <name>.text</name>
         <load_address>0xe382</load_address>
         <run_address>0xe382</run_address>
         <size>0x30</size>
         <input_file_ref idref="fl-4d"/>
      </object_component>
      <object_component id="oc-162">
         <name>.text</name>
         <load_address>0xe3b2</load_address>
         <run_address>0xe3b2</run_address>
         <size>0x2a</size>
         <input_file_ref idref="fl-3e"/>
      </object_component>
      <object_component id="oc-1de">
         <name>.text</name>
         <load_address>0xe3dc</load_address>
         <run_address>0xe3dc</run_address>
         <size>0x2a</size>
         <input_file_ref idref="fl-57"/>
      </object_component>
      <object_component id="oc-1eb">
         <name>.text</name>
         <load_address>0xe406</load_address>
         <run_address>0xe406</run_address>
         <size>0x29</size>
         <input_file_ref idref="fl-38"/>
      </object_component>
      <object_component id="oc-1fa">
         <name>.text</name>
         <load_address>0xe42f</load_address>
         <run_address>0xe42f</run_address>
         <size>0x28</size>
         <input_file_ref idref="fl-12"/>
      </object_component>
      <object_component id="oc-214">
         <name>.text</name>
         <load_address>0xe457</load_address>
         <run_address>0xe457</run_address>
         <size>0x25</size>
         <input_file_ref idref="fl-55"/>
      </object_component>
      <object_component id="oc-1e8">
         <name>.text</name>
         <load_address>0xe47c</load_address>
         <run_address>0xe47c</run_address>
         <size>0x24</size>
         <input_file_ref idref="fl-34"/>
      </object_component>
      <object_component id="oc-176">
         <name>.text</name>
         <load_address>0xe4a0</load_address>
         <run_address>0xe4a0</run_address>
         <size>0x21</size>
         <input_file_ref idref="fl-42"/>
      </object_component>
      <object_component id="oc-1fb">
         <name>.text</name>
         <load_address>0xe4c1</load_address>
         <run_address>0xe4c1</run_address>
         <size>0x20</size>
         <input_file_ref idref="fl-13"/>
      </object_component>
      <object_component id="oc-17b">
         <name>.text</name>
         <load_address>0xe4e1</load_address>
         <run_address>0xe4e1</run_address>
         <size>0x1f</size>
         <input_file_ref idref="fl-43"/>
      </object_component>
      <object_component id="oc-185">
         <name>.text</name>
         <load_address>0xe500</load_address>
         <run_address>0xe500</run_address>
         <size>0x1e</size>
         <input_file_ref idref="fl-45"/>
      </object_component>
      <object_component id="oc-18f">
         <name>.text</name>
         <load_address>0xe51e</load_address>
         <run_address>0xe51e</run_address>
         <size>0x1d</size>
         <input_file_ref idref="fl-47"/>
      </object_component>
      <object_component id="oc-1f1">
         <name>.text</name>
         <load_address>0xe53b</load_address>
         <run_address>0xe53b</run_address>
         <size>0x1d</size>
         <input_file_ref idref="fl-35"/>
      </object_component>
      <object_component id="oc-199">
         <name>.text</name>
         <load_address>0xe558</load_address>
         <run_address>0xe558</run_address>
         <size>0x1c</size>
         <input_file_ref idref="fl-49"/>
      </object_component>
      <object_component id="oc-194">
         <name>.text</name>
         <load_address>0xe574</load_address>
         <run_address>0xe574</run_address>
         <size>0x1c</size>
         <input_file_ref idref="fl-48"/>
      </object_component>
      <object_component id="oc-1ea">
         <name>.text</name>
         <load_address>0xe590</load_address>
         <run_address>0xe590</run_address>
         <size>0x19</size>
         <input_file_ref idref="fl-3a"/>
      </object_component>
      <object_component id="oc-180">
         <name>.text</name>
         <load_address>0xe5a9</load_address>
         <run_address>0xe5a9</run_address>
         <size>0x18</size>
         <input_file_ref idref="fl-44"/>
      </object_component>
      <object_component id="oc-1f7">
         <name>.text</name>
         <load_address>0xe5c1</load_address>
         <run_address>0xe5c1</run_address>
         <size>0x17</size>
         <input_file_ref idref="fl-e"/>
      </object_component>
      <object_component id="oc-171">
         <name>.text</name>
         <load_address>0xe5d8</load_address>
         <run_address>0xe5d8</run_address>
         <size>0xe</size>
         <input_file_ref idref="fl-41"/>
      </object_component>
      <object_component id="oc-210">
         <name>.text</name>
         <load_address>0xe5e6</load_address>
         <run_address>0xe5e6</run_address>
         <size>0xd</size>
         <input_file_ref idref="fl-4e"/>
      </object_component>
      <object_component id="oc-207">
         <name>.text</name>
         <load_address>0xe5f3</load_address>
         <run_address>0xe5f3</run_address>
         <size>0xc</size>
         <input_file_ref idref="fl-3c"/>
      </object_component>
      <object_component id="oc-20e">
         <name>.text</name>
         <load_address>0xe5ff</load_address>
         <run_address>0xe5ff</run_address>
         <size>0xc</size>
         <input_file_ref idref="fl-4f"/>
      </object_component>
      <object_component id="oc-1fd">
         <name>.text</name>
         <load_address>0xe60b</load_address>
         <run_address>0xe60b</run_address>
         <size>0x9</size>
         <input_file_ref idref="fl-39"/>
      </object_component>
      <object_component id="oc-16c">
         <name>.text</name>
         <load_address>0xe614</load_address>
         <run_address>0xe614</run_address>
         <size>0x9</size>
         <input_file_ref idref="fl-40"/>
      </object_component>
      <object_component id="oc-211">
         <name>.text</name>
         <load_address>0xe61d</load_address>
         <run_address>0xe61d</run_address>
         <size>0x9</size>
         <input_file_ref idref="fl-52"/>
      </object_component>
      <object_component id="oc-57">
         <name>.text</name>
         <load_address>0xe626</load_address>
         <run_address>0xe626</run_address>
         <size>0x8</size>
         <input_file_ref idref="fl-4"/>
      </object_component>
      <object_component id="oc-20a">
         <name>.text</name>
         <load_address>0xe62e</load_address>
         <run_address>0xe62e</run_address>
         <size>0x8</size>
         <input_file_ref idref="fl-51"/>
      </object_component>
      <object_component id="oc-73">
         <name>.text</name>
         <load_address>0xe636</load_address>
         <run_address>0xe636</run_address>
         <size>0x7</size>
         <input_file_ref idref="fl-9"/>
      </object_component>
      <object_component id="oc-20f">
         <name>.text</name>
         <load_address>0xe63d</load_address>
         <run_address>0xe63d</run_address>
         <size>0x5</size>
         <input_file_ref idref="fl-50"/>
      </object_component>
      <object_component id="oc-63">
         <name>.text</name>
         <load_address>0xe642</load_address>
         <run_address>0xe642</run_address>
         <size>0x3</size>
         <input_file_ref idref="fl-6"/>
      </object_component>
      <object_component id="oc-1e7">
         <name>.text</name>
         <load_address>0xe645</load_address>
         <run_address>0xe645</run_address>
         <size>0x2</size>
         <input_file_ref idref="fl-36"/>
      </object_component>
      <object_component id="oc-1e9">
         <name>.text</name>
         <load_address>0xe647</load_address>
         <run_address>0xe647</run_address>
         <size>0x1</size>
         <input_file_ref idref="fl-37"/>
      </object_component>
      <object_component id="oc-13e">
         <name>.cinit</name>
         <load_address>0x8000</load_address>
         <run_address>0x8000</run_address>
         <size>0xe</size>
         <input_file_ref idref="fl-38"/>
      </object_component>
      <object_component id="oc-107">
         <name>.cinit</name>
         <load_address>0x800e</load_address>
         <run_address>0x800e</run_address>
         <size>0xd</size>
         <input_file_ref idref="fl-1d"/>
      </object_component>
      <object_component id="oc-1ef">
         <name>.cinit:_sForward</name>
         <load_address>0x801b</load_address>
         <run_address>0x801b</run_address>
         <size>0xb</size>
         <input_file_ref idref="fl-1d"/>
      </object_component>
      <object_component id="oc-1ed">
         <name>.cinit:_Forward</name>
         <load_address>0x8026</load_address>
         <run_address>0x8026</run_address>
         <size>0x7</size>
         <input_file_ref idref="fl-1d"/>
      </object_component>
      <object_component id="oc-1f4">
         <name>.cinit:__lock</name>
         <load_address>0x802d</load_address>
         <run_address>0x802d</run_address>
         <size>0x5</size>
         <input_file_ref idref="fl-39"/>
      </object_component>
      <object_component id="oc-1fe">
         <name>.cinit:__unlock</name>
         <load_address>0x8032</load_address>
         <run_address>0x8032</run_address>
         <size>0x5</size>
         <input_file_ref idref="fl-39"/>
      </object_component>
      <object_component id="oc-1e4">
         <name>.cinit</name>
         <load_address>0x8037</load_address>
         <run_address>0x8037</run_address>
         <size>0x4</size>
         <input_file_ref idref="fl-58"/>
      </object_component>
      <object_component id="oc-14f">
         <name>.cinit</name>
         <load_address>0x803b</load_address>
         <run_address>0x803b</run_address>
         <size>0x4</size>
         <input_file_ref idref="fl-3b"/>
      </object_component>
      <object_component id="oc-117">
         <name>.cinit</name>
         <load_address>0x803f</load_address>
         <run_address>0x803f</run_address>
         <size>0x4</size>
         <input_file_ref idref="fl-20"/>
      </object_component>
      <object_component id="oc-123">
         <name>.stack</name>
         <uninitialized>true</uninitialized>
         <run_address>0x200000</run_address>
         <size>0x0</size>
         <input_file_ref idref="fl-33"/>
      </object_component>
      <object_component id="oc-26a">
         <name>.stack</name>
         <uninitialized>true</uninitialized>
         <run_address>0x200000</run_address>
         <size>0x0</size>
      </object_component>
      <object_component id="oc-5e">
         <name>.ebss</name>
         <uninitialized>true</uninitialized>
         <run_address>0xf48e</run_address>
         <size>0x18</size>
         <input_file_ref idref="fl-5"/>
      </object_component>
      <object_component id="oc-108">
         <name>.ebss</name>
         <uninitialized>true</uninitialized>
         <run_address>0xf4a6</run_address>
         <size>0xa</size>
         <input_file_ref idref="fl-1d"/>
      </object_component>
      <object_component id="oc-1ec">
         <name>.ebss:_Forward</name>
         <uninitialized>true</uninitialized>
         <run_address>0xf4c6</run_address>
         <size>0x4</size>
         <input_file_ref idref="fl-1d"/>
      </object_component>
      <object_component id="oc-1ee">
         <name>.ebss:_sForward</name>
         <uninitialized>true</uninitialized>
         <run_address>0xf4b8</run_address>
         <size>0x8</size>
         <input_file_ref idref="fl-1d"/>
      </object_component>
      <object_component id="oc-1f0">
         <name>.ebss:_rdataA</name>
         <uninitialized>true</uninitialized>
         <run_address>0xf4b0</run_address>
         <size>0x8</size>
         <input_file_ref idref="fl-1d"/>
      </object_component>
      <object_component id="oc-118">
         <name>.ebss</name>
         <uninitialized>true</uninitialized>
         <run_address>0xf4d3</run_address>
         <size>0x1</size>
         <input_file_ref idref="fl-20"/>
      </object_component>
      <object_component id="oc-13f">
         <name>.ebss</name>
         <uninitialized>true</uninitialized>
         <run_address>0xf4c0</run_address>
         <size>0x6</size>
         <input_file_ref idref="fl-38"/>
      </object_component>
      <object_component id="oc-1f3">
         <name>.ebss:__lock</name>
         <uninitialized>true</uninitialized>
         <run_address>0xf4ce</run_address>
         <size>0x2</size>
         <input_file_ref idref="fl-39"/>
      </object_component>
      <object_component id="oc-206">
         <name>.ebss:__unlock</name>
         <uninitialized>true</uninitialized>
         <run_address>0xf4d0</run_address>
         <size>0x2</size>
         <input_file_ref idref="fl-39"/>
      </object_component>
      <object_component id="oc-150">
         <name>.ebss</name>
         <uninitialized>true</uninitialized>
         <run_address>0xf4ca</run_address>
         <size>0x4</size>
         <input_file_ref idref="fl-3b"/>
      </object_component>
      <object_component id="oc-1e5">
         <name>.ebss</name>
         <uninitialized>true</uninitialized>
         <run_address>0xf4d2</run_address>
         <size>0x1</size>
         <input_file_ref idref="fl-58"/>
      </object_component>
      <object_component id="oc-202">
         <name>.econst:.string:_F8X16</name>
         <load_address>0xe648</load_address>
         <run_address>0xe648</run_address>
         <size>0x5f0</size>
         <input_file_ref idref="fl-1f"/>
      </object_component>
      <object_component id="oc-203">
         <name>.econst:_Hzk</name>
         <load_address>0xec38</load_address>
         <run_address>0xec38</run_address>
         <size>0x1c0</size>
         <input_file_ref idref="fl-1f"/>
      </object_component>
      <object_component id="oc-213">
         <name>.econst:.string:__ctypes_</name>
         <load_address>0xedf8</load_address>
         <run_address>0xedf8</run_address>
         <size>0x101</size>
         <input_file_ref idref="fl-4c"/>
      </object_component>
      <object_component id="oc-204">
         <name>.econst:_PieVectTableInit</name>
         <load_address>0xeefa</load_address>
         <run_address>0xeefa</run_address>
         <size>0x100</size>
         <input_file_ref idref="fl-13"/>
      </object_component>
      <object_component id="oc-10a">
         <name>.econst:.string</name>
         <load_address>0xeffa</load_address>
         <run_address>0xeffa</run_address>
         <size>0x2d</size>
         <input_file_ref idref="fl-1d"/>
      </object_component>
      <object_component id="oc-15d">
         <name>.econst:.string</name>
         <load_address>0xf028</load_address>
         <run_address>0xf028</run_address>
         <size>0x26</size>
         <input_file_ref idref="fl-3d"/>
      </object_component>
      <object_component id="oc-15c">
         <name>.econst</name>
         <load_address>0xf04e</load_address>
         <run_address>0xf04e</run_address>
         <size>0x1c</size>
         <input_file_ref idref="fl-3d"/>
      </object_component>
      <object_component id="oc-1cf">
         <name>.econst</name>
         <load_address>0xf06a</load_address>
         <run_address>0xf06a</run_address>
         <size>0x1c</size>
         <input_file_ref idref="fl-54"/>
      </object_component>
      <object_component id="oc-1c9">
         <name>.econst</name>
         <load_address>0xf086</load_address>
         <run_address>0xf086</run_address>
         <size>0x8</size>
         <input_file_ref idref="fl-53"/>
      </object_component>
      <object_component id="oc-151">
         <name>.esysmem</name>
         <uninitialized>true</uninitialized>
         <run_address>0xf08e</run_address>
         <size>0x4</size>
         <input_file_ref idref="fl-3b"/>
      </object_component>
      <object_component id="oc-26b">
         <name>.esysmem</name>
         <uninitialized>true</uninitialized>
         <run_address>0xf08e</run_address>
         <size>0x0</size>
      </object_component>
      <object_component id="oc-124">
         <name>.reset</name>
         <load_address>0x3fffc0</load_address>
         <run_address>0x3fffc0</run_address>
         <size>0x2</size>
         <input_file_ref idref="fl-33"/>
      </object_component>
      <object_component id="oc-4d">
         <name>.adc_cal</name>
         <load_address>0x380080</load_address>
         <run_address>0x380080</run_address>
         <size>0x7</size>
         <input_file_ref idref="fl-2"/>
      </object_component>
      <object_component id="oc-f5">
         <name>PieVectTableFile</name>
         <uninitialized>true</uninitialized>
         <run_address>0xd00</run_address>
         <size>0x100</size>
         <input_file_ref idref="fl-19"/>
      </object_component>
      <object_component id="oc-f1">
         <name>DevEmuRegsFile</name>
         <uninitialized>true</uninitialized>
         <run_address>0x880</run_address>
         <size>0xd0</size>
         <input_file_ref idref="fl-19"/>
      </object_component>
      <object_component id="oc-c9">
         <name>FlashRegsFile</name>
         <uninitialized>true</uninitialized>
         <run_address>0xa80</run_address>
         <size>0x8</size>
         <input_file_ref idref="fl-19"/>
      </object_component>
      <object_component id="oc-cc">
         <name>CsmRegsFile</name>
         <uninitialized>true</uninitialized>
         <run_address>0xae0</run_address>
         <size>0x10</size>
         <input_file_ref idref="fl-19"/>
      </object_component>
      <object_component id="oc-cb">
         <name>AdcMirrorFile</name>
         <uninitialized>true</uninitialized>
         <run_address>0xb00</run_address>
         <size>0x10</size>
         <input_file_ref idref="fl-19"/>
      </object_component>
      <object_component id="oc-d4">
         <name>XintfRegsFile</name>
         <uninitialized>true</uninitialized>
         <run_address>0xb20</run_address>
         <size>0x1e</size>
         <input_file_ref idref="fl-19"/>
      </object_component>
      <object_component id="oc-c5">
         <name>CpuTimer0RegsFile</name>
         <uninitialized>true</uninitialized>
         <run_address>0xc00</run_address>
         <size>0x8</size>
         <input_file_ref idref="fl-19"/>
      </object_component>
      <object_component id="oc-c6">
         <name>CpuTimer1RegsFile</name>
         <uninitialized>true</uninitialized>
         <run_address>0xc08</run_address>
         <size>0x8</size>
         <input_file_ref idref="fl-19"/>
      </object_component>
      <object_component id="oc-c7">
         <name>CpuTimer2RegsFile</name>
         <uninitialized>true</uninitialized>
         <run_address>0xc10</run_address>
         <size>0x8</size>
         <input_file_ref idref="fl-19"/>
      </object_component>
      <object_component id="oc-d2">
         <name>PieCtrlRegsFile</name>
         <uninitialized>true</uninitialized>
         <run_address>0xce0</run_address>
         <size>0x1a</size>
         <input_file_ref idref="fl-19"/>
      </object_component>
      <object_component id="oc-f2">
         <name>DmaRegsFile</name>
         <uninitialized>true</uninitialized>
         <run_address>0x1000</run_address>
         <size>0xe0</size>
         <input_file_ref idref="fl-19"/>
      </object_component>
      <object_component id="oc-e4">
         <name>McbspaRegsFile</name>
         <uninitialized>true</uninitialized>
         <run_address>0x5000</run_address>
         <size>0x25</size>
         <input_file_ref idref="fl-19"/>
      </object_component>
      <object_component id="oc-e5">
         <name>McbspbRegsFile</name>
         <uninitialized>true</uninitialized>
         <run_address>0x5040</run_address>
         <size>0x25</size>
         <input_file_ref idref="fl-19"/>
      </object_component>
      <object_component id="oc-e7">
         <name>ECanaRegsFile</name>
         <uninitialized>true</uninitialized>
         <run_address>0x6000</run_address>
         <size>0x34</size>
         <input_file_ref idref="fl-19"/>
      </object_component>
      <object_component id="oc-e9">
         <name>ECanaLAMRegsFile</name>
         <uninitialized>true</uninitialized>
         <run_address>0x6040</run_address>
         <size>0x40</size>
         <input_file_ref idref="fl-19"/>
      </object_component>
      <object_component id="oc-f3">
         <name>ECanaMboxesFile</name>
         <uninitialized>true</uninitialized>
         <run_address>0x6100</run_address>
         <size>0x100</size>
         <input_file_ref idref="fl-19"/>
      </object_component>
      <object_component id="oc-ea">
         <name>ECanaMOTSRegsFile</name>
         <uninitialized>true</uninitialized>
         <run_address>0x6080</run_address>
         <size>0x40</size>
         <input_file_ref idref="fl-19"/>
      </object_component>
      <object_component id="oc-eb">
         <name>ECanaMOTORegsFile</name>
         <uninitialized>true</uninitialized>
         <run_address>0x60c0</run_address>
         <size>0x40</size>
         <input_file_ref idref="fl-19"/>
      </object_component>
      <object_component id="oc-e8">
         <name>ECanbRegsFile</name>
         <uninitialized>true</uninitialized>
         <run_address>0x6200</run_address>
         <size>0x34</size>
         <input_file_ref idref="fl-19"/>
      </object_component>
      <object_component id="oc-ec">
         <name>ECanbLAMRegsFile</name>
         <uninitialized>true</uninitialized>
         <run_address>0x6240</run_address>
         <size>0x40</size>
         <input_file_ref idref="fl-19"/>
      </object_component>
      <object_component id="oc-f4">
         <name>ECanbMboxesFile</name>
         <uninitialized>true</uninitialized>
         <run_address>0x6300</run_address>
         <size>0x100</size>
         <input_file_ref idref="fl-19"/>
      </object_component>
      <object_component id="oc-ed">
         <name>ECanbMOTSRegsFile</name>
         <uninitialized>true</uninitialized>
         <run_address>0x6280</run_address>
         <size>0x40</size>
         <input_file_ref idref="fl-19"/>
      </object_component>
      <object_component id="oc-ee">
         <name>ECanbMOTORegsFile</name>
         <uninitialized>true</uninitialized>
         <run_address>0x62c0</run_address>
         <size>0x40</size>
         <input_file_ref idref="fl-19"/>
      </object_component>
      <object_component id="oc-dd">
         <name>EPwm1RegsFile</name>
         <uninitialized>true</uninitialized>
         <run_address>0x6800</run_address>
         <size>0x22</size>
         <input_file_ref idref="fl-19"/>
      </object_component>
      <object_component id="oc-de">
         <name>EPwm2RegsFile</name>
         <uninitialized>true</uninitialized>
         <run_address>0x6840</run_address>
         <size>0x22</size>
         <input_file_ref idref="fl-19"/>
      </object_component>
      <object_component id="oc-df">
         <name>EPwm3RegsFile</name>
         <uninitialized>true</uninitialized>
         <run_address>0x6880</run_address>
         <size>0x22</size>
         <input_file_ref idref="fl-19"/>
      </object_component>
      <object_component id="oc-e0">
         <name>EPwm4RegsFile</name>
         <uninitialized>true</uninitialized>
         <run_address>0x68c0</run_address>
         <size>0x22</size>
         <input_file_ref idref="fl-19"/>
      </object_component>
      <object_component id="oc-e1">
         <name>EPwm5RegsFile</name>
         <uninitialized>true</uninitialized>
         <run_address>0x6900</run_address>
         <size>0x22</size>
         <input_file_ref idref="fl-19"/>
      </object_component>
      <object_component id="oc-e2">
         <name>EPwm6RegsFile</name>
         <uninitialized>true</uninitialized>
         <run_address>0x6940</run_address>
         <size>0x22</size>
         <input_file_ref idref="fl-19"/>
      </object_component>
      <object_component id="oc-d5">
         <name>ECap1RegsFile</name>
         <uninitialized>true</uninitialized>
         <run_address>0x6a00</run_address>
         <size>0x20</size>
         <input_file_ref idref="fl-19"/>
      </object_component>
      <object_component id="oc-d6">
         <name>ECap2RegsFile</name>
         <uninitialized>true</uninitialized>
         <run_address>0x6a20</run_address>
         <size>0x20</size>
         <input_file_ref idref="fl-19"/>
      </object_component>
      <object_component id="oc-d7">
         <name>ECap3RegsFile</name>
         <uninitialized>true</uninitialized>
         <run_address>0x6a40</run_address>
         <size>0x20</size>
         <input_file_ref idref="fl-19"/>
      </object_component>
      <object_component id="oc-d8">
         <name>ECap4RegsFile</name>
         <uninitialized>true</uninitialized>
         <run_address>0x6a60</run_address>
         <size>0x20</size>
         <input_file_ref idref="fl-19"/>
      </object_component>
      <object_component id="oc-d9">
         <name>ECap5RegsFile</name>
         <uninitialized>true</uninitialized>
         <run_address>0x6a80</run_address>
         <size>0x20</size>
         <input_file_ref idref="fl-19"/>
      </object_component>
      <object_component id="oc-da">
         <name>ECap6RegsFile</name>
         <uninitialized>true</uninitialized>
         <run_address>0x6aa0</run_address>
         <size>0x20</size>
         <input_file_ref idref="fl-19"/>
      </object_component>
      <object_component id="oc-ef">
         <name>EQep1RegsFile</name>
         <uninitialized>true</uninitialized>
         <run_address>0x6b00</run_address>
         <size>0x40</size>
         <input_file_ref idref="fl-19"/>
      </object_component>
      <object_component id="oc-f0">
         <name>EQep2RegsFile</name>
         <uninitialized>true</uninitialized>
         <run_address>0x6b40</run_address>
         <size>0x40</size>
         <input_file_ref idref="fl-19"/>
      </object_component>
      <object_component id="oc-e6">
         <name>GpioCtrlRegsFile</name>
         <uninitialized>true</uninitialized>
         <run_address>0x6f80</run_address>
         <size>0x2e</size>
         <input_file_ref idref="fl-19"/>
      </object_component>
      <object_component id="oc-db">
         <name>GpioDataRegsFile</name>
         <uninitialized>true</uninitialized>
         <run_address>0x6fc0</run_address>
         <size>0x20</size>
         <input_file_ref idref="fl-19"/>
      </object_component>
      <object_component id="oc-ca">
         <name>GpioIntRegsFile</name>
         <uninitialized>true</uninitialized>
         <run_address>0x6fe0</run_address>
         <size>0xa</size>
         <input_file_ref idref="fl-19"/>
      </object_component>
      <object_component id="oc-dc">
         <name>SysCtrlRegsFile</name>
         <uninitialized>true</uninitialized>
         <run_address>0x7010</run_address>
         <size>0x20</size>
         <input_file_ref idref="fl-19"/>
      </object_component>
      <object_component id="oc-d0">
         <name>SpiaRegsFile</name>
         <uninitialized>true</uninitialized>
         <run_address>0x7040</run_address>
         <size>0x10</size>
         <input_file_ref idref="fl-19"/>
      </object_component>
      <object_component id="oc-cd">
         <name>SciaRegsFile</name>
         <uninitialized>true</uninitialized>
         <run_address>0x7050</run_address>
         <size>0x10</size>
         <input_file_ref idref="fl-19"/>
      </object_component>
      <object_component id="oc-d1">
         <name>XIntruptRegsFile</name>
         <uninitialized>true</uninitialized>
         <run_address>0x7070</run_address>
         <size>0x10</size>
         <input_file_ref idref="fl-19"/>
      </object_component>
      <object_component id="oc-d3">
         <name>AdcRegsFile</name>
         <uninitialized>true</uninitialized>
         <run_address>0x7100</run_address>
         <size>0x1e</size>
         <input_file_ref idref="fl-19"/>
      </object_component>
      <object_component id="oc-ce">
         <name>ScibRegsFile</name>
         <uninitialized>true</uninitialized>
         <run_address>0x7750</run_address>
         <size>0x10</size>
         <input_file_ref idref="fl-19"/>
      </object_component>
      <object_component id="oc-cf">
         <name>ScicRegsFile</name>
         <uninitialized>true</uninitialized>
         <run_address>0x7770</run_address>
         <size>0x10</size>
         <input_file_ref idref="fl-19"/>
      </object_component>
      <object_component id="oc-e3">
         <name>I2caRegsFile</name>
         <uninitialized>true</uninitialized>
         <run_address>0x7900</run_address>
         <size>0x22</size>
         <input_file_ref idref="fl-19"/>
      </object_component>
      <object_component id="oc-c8">
         <name>CsmPwlFile</name>
         <uninitialized>true</uninitialized>
         <run_address>0x33fff8</run_address>
         <size>0x8</size>
         <input_file_ref idref="fl-19"/>
      </object_component>
      <object_component id="oc-c4">
         <name>PartIdRegsFile</name>
         <uninitialized>true</uninitialized>
         <run_address>0x380090</run_address>
         <size>0x1</size>
         <input_file_ref idref="fl-19"/>
      </object_component>
      <object_component id="oc-4e">
         <name>.debug_line</name>
         <load_address>0x0</load_address>
         <run_address>0x0</run_address>
         <size>0x60</size>
         <input_file_ref idref="fl-2"/>
      </object_component>
      <object_component id="oc-54">
         <name>.debug_line</name>
         <load_address>0x60</load_address>
         <run_address>0x60</run_address>
         <size>0x49</size>
         <input_file_ref idref="fl-3"/>
      </object_component>
      <object_component id="oc-59">
         <name>.debug_line</name>
         <load_address>0xa9</load_address>
         <run_address>0xa9</run_address>
         <size>0x78</size>
         <input_file_ref idref="fl-4"/>
      </object_component>
      <object_component id="oc-60">
         <name>.debug_line</name>
         <load_address>0x121</load_address>
         <run_address>0x121</run_address>
         <size>0x9b</size>
         <input_file_ref idref="fl-5"/>
      </object_component>
      <object_component id="oc-64">
         <name>.debug_line</name>
         <load_address>0x1bc</load_address>
         <run_address>0x1bc</run_address>
         <size>0x5e</size>
         <input_file_ref idref="fl-6"/>
      </object_component>
      <object_component id="oc-6a">
         <name>.debug_line</name>
         <load_address>0x21a</load_address>
         <run_address>0x21a</run_address>
         <size>0x49</size>
         <input_file_ref idref="fl-7"/>
      </object_component>
      <object_component id="oc-70">
         <name>.debug_line</name>
         <load_address>0x263</load_address>
         <run_address>0x263</run_address>
         <size>0x765</size>
         <input_file_ref idref="fl-8"/>
      </object_component>
      <object_component id="oc-74">
         <name>.debug_line</name>
         <load_address>0x9c8</load_address>
         <run_address>0x9c8</run_address>
         <size>0x62</size>
         <input_file_ref idref="fl-9"/>
      </object_component>
      <object_component id="oc-7a">
         <name>.debug_line</name>
         <load_address>0xa2a</load_address>
         <run_address>0xa2a</run_address>
         <size>0x4a</size>
         <input_file_ref idref="fl-a"/>
      </object_component>
      <object_component id="oc-7f">
         <name>.debug_line</name>
         <load_address>0xa74</load_address>
         <run_address>0xa74</run_address>
         <size>0x4a</size>
         <input_file_ref idref="fl-b"/>
      </object_component>
      <object_component id="oc-84">
         <name>.debug_line</name>
         <load_address>0xabe</load_address>
         <run_address>0xabe</run_address>
         <size>0x4a</size>
         <input_file_ref idref="fl-c"/>
      </object_component>
      <object_component id="oc-89">
         <name>.debug_line</name>
         <load_address>0xb08</load_address>
         <run_address>0xb08</run_address>
         <size>0x4a</size>
         <input_file_ref idref="fl-d"/>
      </object_component>
      <object_component id="oc-8e">
         <name>.debug_line</name>
         <load_address>0xb52</load_address>
         <run_address>0xb52</run_address>
         <size>0x71</size>
         <input_file_ref idref="fl-e"/>
      </object_component>
      <object_component id="oc-93">
         <name>.debug_line</name>
         <load_address>0xbc3</load_address>
         <run_address>0xbc3</run_address>
         <size>0x49</size>
         <input_file_ref idref="fl-f"/>
      </object_component>
      <object_component id="oc-98">
         <name>.debug_line</name>
         <load_address>0xc0c</load_address>
         <run_address>0xc0c</run_address>
         <size>0x4b</size>
         <input_file_ref idref="fl-10"/>
      </object_component>
      <object_component id="oc-9d">
         <name>.debug_line</name>
         <load_address>0xc57</load_address>
         <run_address>0xc57</run_address>
         <size>0x4d</size>
         <input_file_ref idref="fl-11"/>
      </object_component>
      <object_component id="oc-a2">
         <name>.debug_line</name>
         <load_address>0xca4</load_address>
         <run_address>0xca4</run_address>
         <size>0x9d</size>
         <input_file_ref idref="fl-12"/>
      </object_component>
      <object_component id="oc-a7">
         <name>.debug_line</name>
         <load_address>0xd41</load_address>
         <run_address>0xd41</run_address>
         <size>0x7f</size>
         <input_file_ref idref="fl-13"/>
      </object_component>
      <object_component id="oc-ac">
         <name>.debug_line</name>
         <load_address>0xdc0</load_address>
         <run_address>0xdc0</run_address>
         <size>0xd6</size>
         <input_file_ref idref="fl-14"/>
      </object_component>
      <object_component id="oc-b1">
         <name>.debug_line</name>
         <load_address>0xe96</load_address>
         <run_address>0xe96</run_address>
         <size>0x49</size>
         <input_file_ref idref="fl-15"/>
      </object_component>
      <object_component id="oc-b6">
         <name>.debug_line</name>
         <load_address>0xedf</load_address>
         <run_address>0xedf</run_address>
         <size>0x15c</size>
         <input_file_ref idref="fl-16"/>
      </object_component>
      <object_component id="oc-bb">
         <name>.debug_line</name>
         <load_address>0x103b</load_address>
         <run_address>0x103b</run_address>
         <size>0x4b</size>
         <input_file_ref idref="fl-17"/>
      </object_component>
      <object_component id="oc-bf">
         <name>.debug_line</name>
         <load_address>0x1086</load_address>
         <run_address>0x1086</run_address>
         <size>0x5f</size>
         <input_file_ref idref="fl-18"/>
      </object_component>
      <object_component id="oc-f9">
         <name>.debug_line</name>
         <load_address>0x10e5</load_address>
         <run_address>0x10e5</run_address>
         <size>0xdb</size>
         <input_file_ref idref="fl-1a"/>
      </object_component>
      <object_component id="oc-fe">
         <name>.debug_line</name>
         <load_address>0x11c0</load_address>
         <run_address>0x11c0</run_address>
         <size>0x1e4</size>
         <input_file_ref idref="fl-1b"/>
      </object_component>
      <object_component id="oc-103">
         <name>.debug_line</name>
         <load_address>0x13a4</load_address>
         <run_address>0x13a4</run_address>
         <size>0x152</size>
         <input_file_ref idref="fl-1c"/>
      </object_component>
      <object_component id="oc-10c">
         <name>.debug_line</name>
         <load_address>0x14f6</load_address>
         <run_address>0x14f6</run_address>
         <size>0x184</size>
         <input_file_ref idref="fl-1d"/>
      </object_component>
      <object_component id="oc-113">
         <name>.debug_line</name>
         <load_address>0x167a</load_address>
         <run_address>0x167a</run_address>
         <size>0x2c7</size>
         <input_file_ref idref="fl-1f"/>
      </object_component>
      <object_component id="oc-11b">
         <name>.debug_line</name>
         <load_address>0x1941</load_address>
         <run_address>0x1941</run_address>
         <size>0x1d8</size>
         <input_file_ref idref="fl-20"/>
      </object_component>
      <object_component id="oc-120">
         <name>.debug_line</name>
         <load_address>0x1b19</load_address>
         <run_address>0x1b19</run_address>
         <size>0x7e</size>
         <input_file_ref idref="fl-32"/>
      </object_component>
      <object_component id="oc-126">
         <name>.debug_line</name>
         <load_address>0x1b97</load_address>
         <run_address>0x1b97</run_address>
         <size>0x7e</size>
         <input_file_ref idref="fl-33"/>
      </object_component>
      <object_component id="oc-12b">
         <name>.debug_line</name>
         <load_address>0x1c15</load_address>
         <run_address>0x1c15</run_address>
         <size>0x50</size>
         <input_file_ref idref="fl-34"/>
      </object_component>
      <object_component id="oc-130">
         <name>.debug_line</name>
         <load_address>0x1c65</load_address>
         <run_address>0x1c65</run_address>
         <size>0x62</size>
         <input_file_ref idref="fl-35"/>
      </object_component>
      <object_component id="oc-135">
         <name>.debug_line</name>
         <load_address>0x1cc7</load_address>
         <run_address>0x1cc7</run_address>
         <size>0x3e</size>
         <input_file_ref idref="fl-36"/>
      </object_component>
      <object_component id="oc-13a">
         <name>.debug_line</name>
         <load_address>0x1d05</load_address>
         <run_address>0x1d05</run_address>
         <size>0x3a</size>
         <input_file_ref idref="fl-37"/>
      </object_component>
      <object_component id="oc-141">
         <name>.debug_line</name>
         <load_address>0x1d3f</load_address>
         <run_address>0x1d3f</run_address>
         <size>0x65</size>
         <input_file_ref idref="fl-38"/>
      </object_component>
      <object_component id="oc-146">
         <name>.debug_line</name>
         <load_address>0x1da4</load_address>
         <run_address>0x1da4</run_address>
         <size>0x5e</size>
         <input_file_ref idref="fl-39"/>
      </object_component>
      <object_component id="oc-14b">
         <name>.debug_line</name>
         <load_address>0x1e02</load_address>
         <run_address>0x1e02</run_address>
         <size>0x55</size>
         <input_file_ref idref="fl-3a"/>
      </object_component>
      <object_component id="oc-153">
         <name>.debug_line</name>
         <load_address>0x1e57</load_address>
         <run_address>0x1e57</run_address>
         <size>0x3fc</size>
         <input_file_ref idref="fl-3b"/>
      </object_component>
      <object_component id="oc-158">
         <name>.debug_line</name>
         <load_address>0x2253</load_address>
         <run_address>0x2253</run_address>
         <size>0xb4</size>
         <input_file_ref idref="fl-3c"/>
      </object_component>
      <object_component id="oc-15f">
         <name>.debug_line</name>
         <load_address>0x2307</load_address>
         <run_address>0x2307</run_address>
         <size>0xd52</size>
         <input_file_ref idref="fl-3d"/>
      </object_component>
      <object_component id="oc-164">
         <name>.debug_line</name>
         <load_address>0x3059</load_address>
         <run_address>0x3059</run_address>
         <size>0x60</size>
         <input_file_ref idref="fl-3e"/>
      </object_component>
      <object_component id="oc-169">
         <name>.debug_line</name>
         <load_address>0x30b9</load_address>
         <run_address>0x30b9</run_address>
         <size>0xa2</size>
         <input_file_ref idref="fl-3f"/>
      </object_component>
      <object_component id="oc-16e">
         <name>.debug_line</name>
         <load_address>0x315b</load_address>
         <run_address>0x315b</run_address>
         <size>0x45</size>
         <input_file_ref idref="fl-40"/>
      </object_component>
      <object_component id="oc-173">
         <name>.debug_line</name>
         <load_address>0x31a0</load_address>
         <run_address>0x31a0</run_address>
         <size>0x49</size>
         <input_file_ref idref="fl-41"/>
      </object_component>
      <object_component id="oc-178">
         <name>.debug_line</name>
         <load_address>0x31e9</load_address>
         <run_address>0x31e9</run_address>
         <size>0x59</size>
         <input_file_ref idref="fl-42"/>
      </object_component>
      <object_component id="oc-17d">
         <name>.debug_line</name>
         <load_address>0x3242</load_address>
         <run_address>0x3242</run_address>
         <size>0x58</size>
         <input_file_ref idref="fl-43"/>
      </object_component>
      <object_component id="oc-182">
         <name>.debug_line</name>
         <load_address>0x329a</load_address>
         <run_address>0x329a</run_address>
         <size>0x6c</size>
         <input_file_ref idref="fl-44"/>
      </object_component>
      <object_component id="oc-187">
         <name>.debug_line</name>
         <load_address>0x3306</load_address>
         <run_address>0x3306</run_address>
         <size>0x63</size>
         <input_file_ref idref="fl-45"/>
      </object_component>
      <object_component id="oc-18c">
         <name>.debug_line</name>
         <load_address>0x3369</load_address>
         <run_address>0x3369</run_address>
         <size>0x16b</size>
         <input_file_ref idref="fl-46"/>
      </object_component>
      <object_component id="oc-191">
         <name>.debug_line</name>
         <load_address>0x34d4</load_address>
         <run_address>0x34d4</run_address>
         <size>0x57</size>
         <input_file_ref idref="fl-47"/>
      </object_component>
      <object_component id="oc-196">
         <name>.debug_line</name>
         <load_address>0x352b</load_address>
         <run_address>0x352b</run_address>
         <size>0x56</size>
         <input_file_ref idref="fl-48"/>
      </object_component>
      <object_component id="oc-19b">
         <name>.debug_line</name>
         <load_address>0x3581</load_address>
         <run_address>0x3581</run_address>
         <size>0x58</size>
         <input_file_ref idref="fl-49"/>
      </object_component>
      <object_component id="oc-1a0">
         <name>.debug_line</name>
         <load_address>0x35d9</load_address>
         <run_address>0x35d9</run_address>
         <size>0xb3</size>
         <input_file_ref idref="fl-4a"/>
      </object_component>
      <object_component id="oc-1a5">
         <name>.debug_line</name>
         <load_address>0x368c</load_address>
         <run_address>0x368c</run_address>
         <size>0x6a</size>
         <input_file_ref idref="fl-4b"/>
      </object_component>
      <object_component id="oc-1ac">
         <name>.debug_line</name>
         <load_address>0x36f6</load_address>
         <run_address>0x36f6</run_address>
         <size>0x5f</size>
         <input_file_ref idref="fl-4d"/>
      </object_component>
      <object_component id="oc-1b1">
         <name>.debug_line</name>
         <load_address>0x3755</load_address>
         <run_address>0x3755</run_address>
         <size>0x48</size>
         <input_file_ref idref="fl-4e"/>
      </object_component>
      <object_component id="oc-1b6">
         <name>.debug_line</name>
         <load_address>0x379d</load_address>
         <run_address>0x379d</run_address>
         <size>0xb2</size>
         <input_file_ref idref="fl-4f"/>
      </object_component>
      <object_component id="oc-1bb">
         <name>.debug_line</name>
         <load_address>0x384f</load_address>
         <run_address>0x384f</run_address>
         <size>0xab</size>
         <input_file_ref idref="fl-50"/>
      </object_component>
      <object_component id="oc-1c0">
         <name>.debug_line</name>
         <load_address>0x38fa</load_address>
         <run_address>0x38fa</run_address>
         <size>0xb1</size>
         <input_file_ref idref="fl-51"/>
      </object_component>
      <object_component id="oc-1c5">
         <name>.debug_line</name>
         <load_address>0x39ab</load_address>
         <run_address>0x39ab</run_address>
         <size>0x3e</size>
         <input_file_ref idref="fl-52"/>
      </object_component>
      <object_component id="oc-1cb">
         <name>.debug_line</name>
         <load_address>0x39e9</load_address>
         <run_address>0x39e9</run_address>
         <size>0x58</size>
         <input_file_ref idref="fl-53"/>
      </object_component>
      <object_component id="oc-1d1">
         <name>.debug_line</name>
         <load_address>0x3a41</load_address>
         <run_address>0x3a41</run_address>
         <size>0x72</size>
         <input_file_ref idref="fl-54"/>
      </object_component>
      <object_component id="oc-1d6">
         <name>.debug_line</name>
         <load_address>0x3ab3</load_address>
         <run_address>0x3ab3</run_address>
         <size>0x42</size>
         <input_file_ref idref="fl-55"/>
      </object_component>
      <object_component id="oc-1db">
         <name>.debug_line</name>
         <load_address>0x3af5</load_address>
         <run_address>0x3af5</run_address>
         <size>0xc4</size>
         <input_file_ref idref="fl-56"/>
      </object_component>
      <object_component id="oc-1e0">
         <name>.debug_line</name>
         <load_address>0x3bb9</load_address>
         <run_address>0x3bb9</run_address>
         <size>0x8e</size>
         <input_file_ref idref="fl-57"/>
      </object_component>
      <object_component id="oc-4f">
         <name>.debug_info</name>
         <load_address>0x0</load_address>
         <run_address>0x0</run_address>
         <size>0x12a</size>
         <input_file_ref idref="fl-2"/>
      </object_component>
      <object_component id="oc-52">
         <name>.debug_info</name>
         <load_address>0x12a</load_address>
         <run_address>0x12a</run_address>
         <size>0x1e7b</size>
         <input_file_ref idref="fl-3"/>
      </object_component>
      <object_component id="oc-5a">
         <name>.debug_info</name>
         <load_address>0x1fa5</load_address>
         <run_address>0x1fa5</run_address>
         <size>0x178</size>
         <input_file_ref idref="fl-4"/>
      </object_component>
      <object_component id="oc-5d">
         <name>.debug_info</name>
         <load_address>0x211d</load_address>
         <run_address>0x211d</run_address>
         <size>0x9d9</size>
         <input_file_ref idref="fl-5"/>
      </object_component>
      <object_component id="oc-65">
         <name>.debug_info</name>
         <load_address>0x2af6</load_address>
         <run_address>0x2af6</run_address>
         <size>0x128</size>
         <input_file_ref idref="fl-6"/>
      </object_component>
      <object_component id="oc-68">
         <name>.debug_info</name>
         <load_address>0x2c1e</load_address>
         <run_address>0x2c1e</run_address>
         <size>0x170c</size>
         <input_file_ref idref="fl-7"/>
      </object_component>
      <object_component id="oc-6d">
         <name>.debug_info</name>
         <load_address>0x432a</load_address>
         <run_address>0x432a</run_address>
         <size>0x2e1a</size>
         <input_file_ref idref="fl-8"/>
      </object_component>
      <object_component id="oc-75">
         <name>.debug_info</name>
         <load_address>0x7144</load_address>
         <run_address>0x7144</run_address>
         <size>0x12e</size>
         <input_file_ref idref="fl-9"/>
      </object_component>
      <object_component id="oc-78">
         <name>.debug_info</name>
         <load_address>0x7272</load_address>
         <run_address>0x7272</run_address>
         <size>0x5d73</size>
         <input_file_ref idref="fl-a"/>
      </object_component>
      <object_component id="oc-7d">
         <name>.debug_info</name>
         <load_address>0xcfe5</load_address>
         <run_address>0xcfe5</run_address>
         <size>0x1b81</size>
         <input_file_ref idref="fl-b"/>
      </object_component>
      <object_component id="oc-82">
         <name>.debug_info</name>
         <load_address>0xeb66</load_address>
         <run_address>0xeb66</run_address>
         <size>0x1b81</size>
         <input_file_ref idref="fl-c"/>
      </object_component>
      <object_component id="oc-87">
         <name>.debug_info</name>
         <load_address>0x106e7</load_address>
         <run_address>0x106e7</run_address>
         <size>0x1b81</size>
         <input_file_ref idref="fl-d"/>
      </object_component>
      <object_component id="oc-8c">
         <name>.debug_info</name>
         <load_address>0x12268</load_address>
         <run_address>0x12268</run_address>
         <size>0x1c02</size>
         <input_file_ref idref="fl-e"/>
      </object_component>
      <object_component id="oc-91">
         <name>.debug_info</name>
         <load_address>0x13e6a</load_address>
         <run_address>0x13e6a</run_address>
         <size>0x1b80</size>
         <input_file_ref idref="fl-f"/>
      </object_component>
      <object_component id="oc-96">
         <name>.debug_info</name>
         <load_address>0x159ea</load_address>
         <run_address>0x159ea</run_address>
         <size>0x49a0</size>
         <input_file_ref idref="fl-10"/>
      </object_component>
      <object_component id="oc-9b">
         <name>.debug_info</name>
         <load_address>0x1a38a</load_address>
         <run_address>0x1a38a</run_address>
         <size>0x34c</size>
         <input_file_ref idref="fl-11"/>
      </object_component>
      <object_component id="oc-a0">
         <name>.debug_info</name>
         <load_address>0x1a6d6</load_address>
         <run_address>0x1a6d6</run_address>
         <size>0xb81</size>
         <input_file_ref idref="fl-12"/>
      </object_component>
      <object_component id="oc-a5">
         <name>.debug_info</name>
         <load_address>0x1b257</load_address>
         <run_address>0x1b257</run_address>
         <size>0x22df</size>
         <input_file_ref idref="fl-13"/>
      </object_component>
      <object_component id="oc-aa">
         <name>.debug_info</name>
         <load_address>0x1d536</load_address>
         <run_address>0x1d536</run_address>
         <size>0x1e66</size>
         <input_file_ref idref="fl-14"/>
      </object_component>
      <object_component id="oc-af">
         <name>.debug_info</name>
         <load_address>0x1f39c</load_address>
         <run_address>0x1f39c</run_address>
         <size>0x1b80</size>
         <input_file_ref idref="fl-15"/>
      </object_component>
      <object_component id="oc-b4">
         <name>.debug_info</name>
         <load_address>0x20f1c</load_address>
         <run_address>0x20f1c</run_address>
         <size>0x2152</size>
         <input_file_ref idref="fl-16"/>
      </object_component>
      <object_component id="oc-b9">
         <name>.debug_info</name>
         <load_address>0x2306e</load_address>
         <run_address>0x2306e</run_address>
         <size>0x2138</size>
         <input_file_ref idref="fl-17"/>
      </object_component>
      <object_component id="oc-c0">
         <name>.debug_info</name>
         <load_address>0x251a6</load_address>
         <run_address>0x251a6</run_address>
         <size>0x12a</size>
         <input_file_ref idref="fl-18"/>
      </object_component>
      <object_component id="oc-c3">
         <name>.debug_info</name>
         <load_address>0x252d0</load_address>
         <run_address>0x252d0</run_address>
         <size>0x13447</size>
         <input_file_ref idref="fl-19"/>
      </object_component>
      <object_component id="oc-f7">
         <name>.debug_info</name>
         <load_address>0x38717</load_address>
         <run_address>0x38717</run_address>
         <size>0x5c0</size>
         <input_file_ref idref="fl-1a"/>
      </object_component>
      <object_component id="oc-fc">
         <name>.debug_info</name>
         <load_address>0x38cd7</load_address>
         <run_address>0x38cd7</run_address>
         <size>0x2671</size>
         <input_file_ref idref="fl-1b"/>
      </object_component>
      <object_component id="oc-101">
         <name>.debug_info</name>
         <load_address>0x3b348</load_address>
         <run_address>0x3b348</run_address>
         <size>0x2717</size>
         <input_file_ref idref="fl-1c"/>
      </object_component>
      <object_component id="oc-106">
         <name>.debug_info</name>
         <load_address>0x3da5f</load_address>
         <run_address>0x3da5f</run_address>
         <size>0x434d</size>
         <input_file_ref idref="fl-1d"/>
      </object_component>
      <object_component id="oc-10f">
         <name>.debug_info</name>
         <load_address>0x41dac</load_address>
         <run_address>0x41dac</run_address>
         <size>0x18e</size>
         <input_file_ref idref="fl-1e"/>
      </object_component>
      <object_component id="oc-111">
         <name>.debug_info</name>
         <load_address>0x41f3a</load_address>
         <run_address>0x41f3a</run_address>
         <size>0x1795</size>
         <input_file_ref idref="fl-1f"/>
      </object_component>
      <object_component id="oc-116">
         <name>.debug_info</name>
         <load_address>0x436cf</load_address>
         <run_address>0x436cf</run_address>
         <size>0x1b09</size>
         <input_file_ref idref="fl-20"/>
      </object_component>
      <object_component id="oc-11e">
         <name>.debug_info</name>
         <load_address>0x451d8</load_address>
         <run_address>0x451d8</run_address>
         <size>0x632</size>
         <input_file_ref idref="fl-32"/>
      </object_component>
      <object_component id="oc-125">
         <name>.debug_info</name>
         <load_address>0x4580a</load_address>
         <run_address>0x4580a</run_address>
         <size>0x177</size>
         <input_file_ref idref="fl-33"/>
      </object_component>
      <object_component id="oc-129">
         <name>.debug_info</name>
         <load_address>0x45981</load_address>
         <run_address>0x45981</run_address>
         <size>0x535</size>
         <input_file_ref idref="fl-34"/>
      </object_component>
      <object_component id="oc-12e">
         <name>.debug_info</name>
         <load_address>0x45eb6</load_address>
         <run_address>0x45eb6</run_address>
         <size>0x430</size>
         <input_file_ref idref="fl-35"/>
      </object_component>
      <object_component id="oc-133">
         <name>.debug_info</name>
         <load_address>0x462e6</load_address>
         <run_address>0x462e6</run_address>
         <size>0x3a3</size>
         <input_file_ref idref="fl-36"/>
      </object_component>
      <object_component id="oc-138">
         <name>.debug_info</name>
         <load_address>0x46689</load_address>
         <run_address>0x46689</run_address>
         <size>0x3a0</size>
         <input_file_ref idref="fl-37"/>
      </object_component>
      <object_component id="oc-13d">
         <name>.debug_info</name>
         <load_address>0x46a29</load_address>
         <run_address>0x46a29</run_address>
         <size>0x53a</size>
         <input_file_ref idref="fl-38"/>
      </object_component>
      <object_component id="oc-144">
         <name>.debug_info</name>
         <load_address>0x46f63</load_address>
         <run_address>0x46f63</run_address>
         <size>0x4c2</size>
         <input_file_ref idref="fl-39"/>
      </object_component>
      <object_component id="oc-149">
         <name>.debug_info</name>
         <load_address>0x47425</load_address>
         <run_address>0x47425</run_address>
         <size>0x45d</size>
         <input_file_ref idref="fl-3a"/>
      </object_component>
      <object_component id="oc-14e">
         <name>.debug_info</name>
         <load_address>0x47882</load_address>
         <run_address>0x47882</run_address>
         <size>0xf1d</size>
         <input_file_ref idref="fl-3b"/>
      </object_component>
      <object_component id="oc-156">
         <name>.debug_info</name>
         <load_address>0x4879f</load_address>
         <run_address>0x4879f</run_address>
         <size>0x4fe</size>
         <input_file_ref idref="fl-3c"/>
      </object_component>
      <object_component id="oc-15b">
         <name>.debug_info</name>
         <load_address>0x48c9d</load_address>
         <run_address>0x48c9d</run_address>
         <size>0x262e</size>
         <input_file_ref idref="fl-3d"/>
      </object_component>
      <object_component id="oc-163">
         <name>.debug_info</name>
         <load_address>0x4b2cb</load_address>
         <run_address>0x4b2cb</run_address>
         <size>0x124</size>
         <input_file_ref idref="fl-3e"/>
      </object_component>
      <object_component id="oc-168">
         <name>.debug_info</name>
         <load_address>0x4b3ef</load_address>
         <run_address>0x4b3ef</run_address>
         <size>0x118</size>
[...]
      </symbol>
      <symbol id="sm-33c">
         <name>_BL_UINT16_I2cReceive</name>
         <value>0xd8bd</value>
         <object_component_ref idref="oc-208"/>
      </symbol>
      <symbol id="sm-33d">
         <name>_BL_UINT16_I2cSlaveAck</name>
         <value>0xd8fc</value>
         <object_component_ref idref="oc-208"/>
      </symbol>
      <symbol id="sm-33e">
         <name>_BL_VOID_I2cSendNack</name>
         <value>0xd95c</value>
         <object_component_ref idref="oc-208"/>
      </symbol>
      <symbol id="sm-34d">
         <name>_i2c_write_byte</name>
         <value>0xd9fb</value>
         <object_component_ref idref="oc-201"/>
      </symbol>
      <symbol id="sm-34e">
         <name>_i2c_wait_to_ack</name>
         <value>0xda8f</value>
         <object_component_ref idref="oc-201"/>
      </symbol>
      <symbol id="sm-34f">
         <name>_i2c_wait_ack</name>
         <value>0xda72</value>
         <object_component_ref idref="oc-201"/>
      </symbol>
      <symbol id="sm-350">
         <name>_i2c_new_bus</name>
         <value>0xdacf</value>
         <object_component_ref idref="oc-201"/>
      </symbol>
      <symbol id="sm-351">
         <name>_i2c_stop</name>
         <value>0xd9f5</value>
         <object_component_ref idref="oc-201"/>
      </symbol>
      <symbol id="sm-352">
         <name>_i2c_init</name>
         <value>0xdacb</value>
         <object_component_ref idref="oc-201"/>
      </symbol>
      <symbol id="sm-353">
         <name>_i2c_start</name>
         <value>0xd9ef</value>
         <object_component_ref idref="oc-201"/>
      </symbol>
      <symbol id="sm-354">
         <name>_i2c_write_data</name>
         <value>0xda3a</value>
         <object_component_ref idref="oc-201"/>
      </symbol>
      <symbol id="sm-355">
         <name>_i2c_write_command</name>
         <value>0xda02</value>
         <object_component_ref idref="oc-201"/>
      </symbol>
      <symbol id="sm-3af">
         <name>_main</name>
         <value>0xdd0d</value>
         <object_component_ref idref="oc-1f2"/>
      </symbol>
      <symbol id="sm-3b0">
         <name>_t0Isr</name>
         <value>0xd612</value>
         <object_component_ref idref="oc-109"/>
      </symbol>
      <symbol id="sm-3b1">
         <name>_dir</name>
         <value>0xf4a8</value>
         <object_component_ref idref="oc-108"/>
      </symbol>
      <symbol id="sm-3b2">
         <name>_mode</name>
         <value>0xf4a9</value>
         <object_component_ref idref="oc-108"/>
      </symbol>
      <symbol id="sm-3b3">
         <name>_speed</name>
         <value>0xf4a7</value>
         <object_component_ref idref="oc-108"/>
      </symbol>
      <symbol id="sm-3b4">
         <name>_GPIO_INIT</name>
         <value>0xddd3</value>
         <object_component_ref idref="oc-1f2"/>
      </symbol>
      <symbol id="sm-3b5">
         <name>_Forward</name>
         <value>0xf4c6</value>
         <object_component_ref idref="oc-1ec"/>
      </symbol>
      <symbol id="sm-3b6">
         <name>_sForward</name>
         <value>0xf4b8</value>
         <object_component_ref idref="oc-1ee"/>
      </symbol>
      <symbol id="sm-3b7">
         <name>_temp</name>
         <value>0xf4ae</value>
         <object_component_ref idref="oc-108"/>
      </symbol>
      <symbol id="sm-3b8">
         <name>_rdataA</name>
         <value>0xf4b0</value>
         <object_component_ref idref="oc-1f0"/>
      </symbol>
      <symbol id="sm-3b9">
         <name>_display_all</name>
         <value>0xdd81</value>
         <object_component_ref idref="oc-1f2"/>
      </symbol>
      <symbol id="sm-3ba">
         <name>_KeyRec</name>
         <value>0xf4a6</value>
         <object_component_ref idref="oc-108"/>
      </symbol>
      <symbol id="sm-3bb">
         <name>_oled</name>
         <value>0xf4ac</value>
         <object_component_ref idref="oc-108"/>
      </symbol>
      <symbol id="sm-3bc">
         <name>_part_mode</name>
         <value>0xf4aa</value>
         <object_component_ref idref="oc-108"/>
      </symbol>
      <symbol id="sm-3bd">
         <name>_refresh</name>
         <value>0xf4ab</value>
         <object_component_ref idref="oc-108"/>
      </symbol>
      <symbol id="sm-3e9">
         <name>_oled_set_pos</name>
         <value>0xcddb</value>
         <object_component_ref idref="oc-1f9"/>
      </symbol>
      <symbol id="sm-3ea">
         <name>_oled_display_on</name>
         <value>0xcdff</value>
         <object_component_ref idref="oc-1f9"/>
      </symbol>
      <symbol id="sm-3eb">
         <name>_oled_showchinese</name>
         <value>0xcf38</value>
         <object_component_ref idref="oc-1f9"/>
      </symbol>
      <symbol id="sm-3ec">
         <name>_oled_wr_byte</name>
         <value>0xcdc3</value>
         <object_component_ref idref="oc-1f9"/>
      </symbol>
      <symbol id="sm-3ed">
         <name>_oled_write_command</name>
         <value>0xcd43</value>
         <object_component_ref idref="oc-1f9"/>
      </symbol>
      <symbol id="sm-3ee">
         <name>_oled_init</name>
         <value>0xd092</value>
         <object_component_ref idref="oc-1f9"/>
      </symbol>
      <symbol id="sm-3ef">
         <name>_oled_shownum</name>
         <value>0xced1</value>
         <object_component_ref idref="oc-1f9"/>
      </symbol>
      <symbol id="sm-3f0">
         <name>_F8X16</name>
         <value>0xe648</value>
         <object_component_ref idref="oc-202"/>
      </symbol>
      <symbol id="sm-3f1">
         <name>_Hzk</name>
         <value>0xec38</value>
         <object_component_ref idref="oc-203"/>
      </symbol>
      <symbol id="sm-3f2">
         <name>_oled_showstring</name>
         <value>0xcf18</value>
         <object_component_ref idref="oc-1f9"/>
      </symbol>
      <symbol id="sm-3f3">
         <name>_oled_pow</name>
         <value>0xcebe</value>
         <object_component_ref idref="oc-1f9"/>
      </symbol>
      <symbol id="sm-3f4">
         <name>_oled_init_device</name>
         <value>0xcf8d</value>
         <object_component_ref idref="oc-1f9"/>
      </symbol>
      <symbol id="sm-3f5">
         <name>_oled_new_dev</name>
         <value>0xcce3</value>
         <object_component_ref idref="oc-1f9"/>
      </symbol>
      <symbol id="sm-3f6">
         <name>_oled_clear</name>
         <value>0xce37</value>
         <object_component_ref idref="oc-1f9"/>
      </symbol>
      <symbol id="sm-3f7">
         <name>_oled_display_off</name>
         <value>0xce1b</value>
         <object_component_ref idref="oc-1f9"/>
      </symbol>
      <symbol id="sm-3f8">
         <name>_oled_write_data</name>
         <value>0xcd83</value>
         <object_component_ref idref="oc-1f9"/>
      </symbol>
      <symbol id="sm-3f9">
         <name>_oled_pin_init</name>
         <value>0xcf89</value>
         <object_component_ref idref="oc-1f9"/>
      </symbol>
      <symbol id="sm-3fa">
         <name>_oled_showchar</name>
         <value>0xce6c</value>
         <object_component_ref idref="oc-1f9"/>
      </symbol>
      <symbol id="sm-41a">
         <name>_scibRxFifoIsr</name>
         <value>0xe133</value>
         <object_component_ref idref="oc-119"/>
      </symbol>
      <symbol id="sm-41b">
         <name>_rx_count</name>
         <value>0xf4d3</value>
         <object_component_ref idref="oc-118"/>
      </symbol>
      <symbol id="sm-41c">
         <name>_scicRxFifoIsr</name>
         <value>0xe150</value>
         <object_component_ref idref="oc-119"/>
      </symbol>
      <symbol id="sm-41d">
         <name>_sciaRxFifoIsr</name>
         <value>0xe0f8</value>
         <object_component_ref idref="oc-119"/>
      </symbol>
      <symbol id="sm-41e">
         <name>_SCI_INIT</name>
         <value>0xddf1</value>
         <object_component_ref idref="oc-1f8"/>
      </symbol>
      <symbol id="sm-41f">
         <name>_scia_xmit</name>
         <value>0xddfa</value>
         <object_component_ref idref="oc-1f8"/>
      </symbol>
      <symbol id="sm-420">
         <name>_scib_xmit</name>
         <value>0xde1b</value>
         <object_component_ref idref="oc-1f8"/>
      </symbol>
      <symbol id="sm-421">
         <name>_scic_xmit</name>
         <value>0xde3c</value>
         <object_component_ref idref="oc-1f8"/>
      </symbol>
      <symbol id="sm-422">
         <name>_scia_msg</name>
         <value>0xde08</value>
         <object_component_ref idref="oc-1f8"/>
      </symbol>
      <symbol id="sm-423">
         <name>_scia_fifo_init</name>
         <value>0xde5d</value>
         <object_component_ref idref="oc-1f8"/>
      </symbol>
      <symbol id="sm-424">
         <name>_scib_fifo_init</name>
         <value>0xde73</value>
         <object_component_ref idref="oc-1f8"/>
      </symbol>
      <symbol id="sm-425">
         <name>_scic_fifo_init</name>
         <value>0xde89</value>
         <object_component_ref idref="oc-1f8"/>
      </symbol>
      <symbol id="sm-426">
         <name>_scic_msg</name>
         <value>0xde4a</value>
         <object_component_ref idref="oc-1f8"/>
      </symbol>
      <symbol id="sm-427">
         <name>_scib_msg</name>
         <value>0xde29</value>
         <object_component_ref idref="oc-1f8"/>
      </symbol>
      <symbol id="sm-435">
         <name>_sprintf</name>
         <value>0xe31f</value>
         <object_component_ref idref="oc-1fc"/>
      </symbol>
      <symbol id="sm-450">
         <name>_c_int00</name>
         <value>0xe23a</value>
         <object_component_ref idref="oc-4c"/>
      </symbol>
      <symbol id="sm-451">
         <name>__stack</name>
         <value>0x200000</value>
         <object_component_ref idref="oc-123"/>
      </symbol>
      <symbol id="sm-460">
         <name>_copy_in</name>
         <value>0xe47c</value>
         <object_component_ref idref="oc-1e8"/>
      </symbol>
      <symbol id="sm-471">
         <name>_memcpy</name>
         <value>0xe53b</value>
         <object_component_ref idref="oc-1f1"/>
      </symbol>
      <symbol id="sm-47d">
         <name>__system_pre_init</name>
         <value>0xe645</value>
         <object_component_ref idref="oc-1e7"/>
      </symbol>
      <symbol id="sm-48a">
         <name>__system_post_cinit</name>
         <value>0xe647</value>
         <object_component_ref idref="oc-1e9"/>
      </symbol>
      <symbol id="sm-49e">
         <name>C$$EXIT</name>
         <value>0xe406</value>
         <object_component_ref idref="oc-1eb"/>
      </symbol>
      <symbol id="sm-49f">
         <name>_exit</name>
         <value>0xe408</value>
         <object_component_ref idref="oc-1eb"/>
      </symbol>
      <symbol id="sm-4a0">
         <name>___TI_cleanup_ptr</name>
         <value>0xf4c2</value>
         <object_component_ref idref="oc-13f"/>
      </symbol>
      <symbol id="sm-4a1">
         <name>___TI_enable_exit_profile_output</name>
         <value>0xf4c0</value>
         <object_component_ref idref="oc-13f"/>
      </symbol>
      <symbol id="sm-4a2">
         <name>_abort</name>
         <value>0xe406</value>
         <object_component_ref idref="oc-1eb"/>
      </symbol>
      <symbol id="sm-4a3">
         <name>___TI_dtors_ptr</name>
         <value>0xf4c4</value>
         <object_component_ref idref="oc-13f"/>
      </symbol>
      <symbol id="sm-4b7">
         <name>__unlock</name>
         <value>0xf4d0</value>
         <object_component_ref idref="oc-206"/>
      </symbol>
      <symbol id="sm-4b8">
         <name>__lock</name>
         <value>0xf4ce</value>
         <object_component_ref idref="oc-1f3"/>
      </symbol>
      <symbol id="sm-4b9">
         <name>__register_lock</name>
         <value>0xe60f</value>
         <object_component_ref idref="oc-1fd"/>
      </symbol>
      <symbol id="sm-4ba">
         <name>__nop</name>
         <value>0xe613</value>
         <object_component_ref idref="oc-1fd"/>
      </symbol>
      <symbol id="sm-4bb">
         <name>__register_unlock</name>
         <value>0xe60b</value>
         <object_component_ref idref="oc-1fd"/>
      </symbol>
      <symbol id="sm-4ca">
         <name>__args_main</name>
         <value>0xe590</value>
         <object_component_ref idref="oc-1ea"/>
      </symbol>
      <symbol id="sm-51b">
         <name>__sys_memory</name>
         <value>0xf08e</value>
         <object_component_ref idref="oc-151"/>
      </symbol>
      <symbol id="sm-51c">
         <name>___TI_heap_total_available</name>
         <value>0xd5d6</value>
         <object_component_ref idref="oc-200"/>
      </symbol>
      <symbol id="sm-51d">
         <name>_realloc</name>
         <value>0xd49e</value>
         <object_component_ref idref="oc-200"/>
      </symbol>
      <symbol id="sm-51e">
         <name>___TI_heap_check</name>
         <value>0xd610</value>
         <object_component_ref idref="oc-200"/>
      </symbol>
      <symbol id="sm-51f">
         <name>_free</name>
         <value>0xd3d7</value>
         <object_component_ref idref="oc-200"/>
      </symbol>
      <symbol id="sm-520">
         <name>_memalign</name>
         <value>0xd541</value>
         <object_component_ref idref="oc-200"/>
      </symbol>
      <symbol id="sm-521">
         <name>_calloc</name>
         <value>0xd51a</value>
         <object_component_ref idref="oc-200"/>
      </symbol>
      <symbol id="sm-522">
         <name>_malloc</name>
         <value>0xd3ac</value>
         <object_component_ref idref="oc-200"/>
      </symbol>
      <symbol id="sm-523">
         <name>_aligned_alloc</name>
         <value>0xd541</value>
         <object_component_ref idref="oc-200"/>
      </symbol>
      <symbol id="sm-524">
         <name>_minit</name>
         <value>0xd516</value>
         <object_component_ref idref="oc-200"/>
      </symbol>
      <symbol id="sm-525">
         <name>___TI_heap_largest_available</name>
         <value>0xd5f3</value>
         <object_component_ref idref="oc-200"/>
      </symbol>
      <symbol id="sm-533">
         <name>_memset</name>
         <value>0xe5f3</value>
         <object_component_ref idref="oc-207"/>
      </symbol>
      <symbol id="sm-693">
         <name>___TI_printfi</name>
         <value>0xcb52</value>
         <object_component_ref idref="oc-205"/>
      </symbol>
      <symbol id="sm-6a3">
         <name>FD$$CMP</name>
         <value>0xe3b2</value>
         <object_component_ref idref="oc-162"/>
      </symbol>
      <symbol id="sm-6b5">
         <name>FD$$MPY</name>
         <value>0xe075</value>
         <object_component_ref idref="oc-167"/>
      </symbol>
      <symbol id="sm-6c2">
         <name>FD$$NEG</name>
         <value>0xe614</value>
         <object_component_ref idref="oc-16c"/>
      </symbol>
      <symbol id="sm-6ce">
         <name>FD$$SUB</name>
         <value>0xe5d8</value>
         <object_component_ref idref="oc-171"/>
      </symbol>
      <symbol id="sm-6dd">
         <name>FD$$TOI</name>
         <value>0xe4a0</value>
         <object_component_ref idref="oc-176"/>
      </symbol>
      <symbol id="sm-6ec">
         <name>FD$$TOL</name>
         <value>0xe4e1</value>
         <object_component_ref idref="oc-17b"/>
      </symbol>
      <symbol id="sm-6f8">
         <name>LL$$AND</name>
         <value>0xe5a9</value>
         <object_component_ref idref="oc-180"/>
      </symbol>
      <symbol id="sm-6f9">
         <name>LL$$OR</name>
         <value>0xe5b1</value>
         <object_component_ref idref="oc-180"/>
      </symbol>
      <symbol id="sm-6fa">
         <name>LL$$XOR</name>
         <value>0xe5b9</value>
         <object_component_ref idref="oc-180"/>
      </symbol>
      <symbol id="sm-708">
         <name>ULL$$CMP</name>
         <value>0xe512</value>
         <object_component_ref idref="oc-185"/>
      </symbol>
      <symbol id="sm-709">
         <name>LL$$CMP</name>
         <value>0xe500</value>
         <object_component_ref idref="oc-185"/>
      </symbol>
      <symbol id="sm-735">
         <name>ULL$$MOD</name>
         <value>0xdbb3</value>
         <object_component_ref idref="oc-18a"/>
      </symbol>
      <symbol id="sm-736">
         <name>ULL$$DIV</name>
         <value>0xdb84</value>
         <object_component_ref idref="oc-18a"/>
      </symbol>
      <symbol id="sm-737">
         <name>LL$$MOD</name>
         <value>0xdb4a</value>
         <object_component_ref idref="oc-18a"/>
      </symbol>
      <symbol id="sm-738">
         <name>LL$$DIV</name>
         <value>0xdb0e</value>
         <object_component_ref idref="oc-18a"/>
      </symbol>
      <symbol id="sm-748">
         <name>I$$TOFD</name>
         <value>0xe51e</value>
         <object_component_ref idref="oc-18f"/>
      </symbol>
      <symbol id="sm-758">
         <name>L$$TOFD</name>
         <value>0xe574</value>
         <object_component_ref idref="oc-194"/>
      </symbol>
      <symbol id="sm-768">
         <name>FS$$TOFD</name>
         <value>0xe558</value>
         <object_component_ref idref="oc-199"/>
      </symbol>
      <symbol id="sm-77f">
         <name>FD$$DIV</name>
         <value>0xdfea</value>
         <object_component_ref idref="oc-19e"/>
      </symbol>
      <symbol id="sm-793">
         <name>_atoi</name>
         <value>0xe351</value>
         <object_component_ref idref="oc-209"/>
      </symbol>
      <symbol id="sm-79b">
         <name>__ctypes_</name>
         <value>0xedf8</value>
         <object_component_ref idref="oc-213"/>
      </symbol>
      <symbol id="sm-7a9">
         <name>_ltoa</name>
         <value>0xe382</value>
         <object_component_ref idref="oc-20b"/>
      </symbol>
      <symbol id="sm-7b8">
         <name>_memccpy</name>
         <value>0xe5e6</value>
         <object_component_ref idref="oc-210"/>
      </symbol>
      <symbol id="sm-7c7">
         <name>_strchr</name>
         <value>0xe5ff</value>
         <object_component_ref idref="oc-20e"/>
      </symbol>
      <symbol id="sm-7d4">
         <name>_strcpy</name>
         <value>0xe63d</value>
         <object_component_ref idref="oc-20f"/>
      </symbol>
      <symbol id="sm-7e1">
         <name>_strlen</name>
         <value>0xe62e</value>
         <object_component_ref idref="oc-20a"/>
      </symbol>
      <symbol id="sm-7ef">
         <name>_wcslen</name>
         <value>0xe61d</value>
         <object_component_ref idref="oc-211"/>
      </symbol>
      <symbol id="sm-802">
         <name>_frexpl</name>
         <value>0xe1e0</value>
         <object_component_ref idref="oc-20c"/>
      </symbol>
      <symbol id="sm-820">
         <name>_scalbnl</name>
         <value>0xdea0</value>
         <object_component_ref idref="oc-20d"/>
      </symbol>
      <symbol id="sm-821">
         <name>_ldexpl</name>
         <value>0xdea0</value>
         <object_component_ref idref="oc-20d"/>
      </symbol>
      <symbol id="sm-82e">
         <name>_copysignl</name>
         <value>0xe457</value>
         <object_component_ref idref="oc-214"/>
      </symbol>
      <symbol id="sm-849">
         <name>FD$$ADD</name>
         <value>0xdf4e</value>
         <object_component_ref idref="oc-1d9"/>
      </symbol>
      <symbol id="sm-855">
         <name>UL$$MOD</name>
         <value>0xe400</value>
         <object_component_ref idref="oc-1de"/>
      </symbol>
      <symbol id="sm-856">
         <name>L$$MOD</name>
         <value>0xe3eb</value>
         <object_component_ref idref="oc-1de"/>
      </symbol>
      <symbol id="sm-857">
         <name>L$$DIV</name>
         <value>0xe3dc</value>
         <object_component_ref idref="oc-1de"/>
      </symbol>
      <symbol id="sm-858">
         <name>UL$$DIV</name>
         <value>0xe3f9</value>
         <object_component_ref idref="oc-1de"/>
      </symbol>
      <symbol id="sm-862">
         <name>_errno</name>
         <value>0xf4d2</value>
         <object_component_ref idref="oc-1e5"/>
      </symbol>
   </symbol_table>
   <title>Link successful</title>
</link_info>
